Archive member included to satisfy reference by file (symbol)

../MiniProject_bsp/\libhal_bsp.a(alt_load.o)
                              ../MiniProject_bsp//obj/HAL/src/crt0.o (alt_load)
../MiniProject_bsp/\libhal_bsp.a(alt_main.o)
                              ../MiniProject_bsp//obj/HAL/src/crt0.o (alt_main)
../MiniProject_bsp/\libhal_bsp.a(alt_sys_init.o)
                              ../MiniProject_bsp/\libhal_bsp.a(alt_main.o) (alt_irq_init)
../MiniProject_bsp/\libhal_bsp.a(altera_avalon_jtag_uart_fd.o)
                              ../MiniProject_bsp/\libhal_bsp.a(alt_sys_init.o) (altera_avalon_jtag_uart_read_fd)
../MiniProject_bsp/\libhal_bsp.a(altera_avalon_jtag_uart_init.o)
                              ../MiniProject_bsp/\libhal_bsp.a(alt_sys_init.o) (altera_avalon_jtag_uart_init)
../MiniProject_bsp/\libhal_bsp.a(altera_avalon_jtag_uart_ioctl.o)
                              ../MiniProject_bsp/\libhal_bsp.a(altera_avalon_jtag_uart_fd.o) (altera_avalon_jtag_uart_ioctl)
../MiniProject_bsp/\libhal_bsp.a(altera_avalon_jtag_uart_read.o)
                              ../MiniProject_bsp/\libhal_bsp.a(altera_avalon_jtag_uart_fd.o) (altera_avalon_jtag_uart_read)
../MiniProject_bsp/\libhal_bsp.a(altera_avalon_jtag_uart_write.o)
                              ../MiniProject_bsp/\libhal_bsp.a(altera_avalon_jtag_uart_fd.o) (altera_avalon_jtag_uart_write)
../MiniProject_bsp/\libhal_bsp.a(alt_alarm_start.o)
                              ../MiniProject_bsp/\libhal_bsp.a(altera_avalon_jtag_uart_init.o) (alt_alarm_start)
../MiniProject_bsp/\libhal_bsp.a(alt_close.o)
                              ../MiniProject_bsp/\libhal_bsp.a(alt_main.o) (close)
../MiniProject_bsp/\libhal_bsp.a(alt_dcache_flush_all.o)
                              ../MiniProject_bsp/\libhal_bsp.a(alt_load.o) (alt_dcache_flush_all)
../MiniProject_bsp/\libhal_bsp.a(alt_dev.o)
                              ../MiniProject_bsp/\libhal_bsp.a(alt_sys_init.o) (alt_dev_list)
../MiniProject_bsp/\libhal_bsp.a(alt_dev_llist_insert.o)
                              ../MiniProject_bsp/\libhal_bsp.a(alt_sys_init.o) (alt_dev_llist_insert)
../MiniProject_bsp/\libhal_bsp.a(alt_do_ctors.o)
                              ../MiniProject_bsp/\libhal_bsp.a(alt_main.o) (_do_ctors)
../MiniProject_bsp/\libhal_bsp.a(alt_do_dtors.o)
                              ../MiniProject_bsp/\libhal_bsp.a(alt_main.o) (_do_dtors)
../MiniProject_bsp/\libhal_bsp.a(alt_errno.o)
                              ../MiniProject_bsp/\libhal_bsp.a(alt_close.o) (alt_errno)
../MiniProject_bsp/\libhal_bsp.a(alt_icache_flush_all.o)
                              ../MiniProject_bsp/\libhal_bsp.a(alt_load.o) (alt_icache_flush_all)
../MiniProject_bsp/\libhal_bsp.a(alt_iic.o)
                              ../MiniProject_bsp/\libhal_bsp.a(altera_avalon_jtag_uart_init.o) (alt_ic_isr_register)
../MiniProject_bsp/\libhal_bsp.a(alt_iic_isr_register.o)
                              ../MiniProject_bsp/\libhal_bsp.a(alt_iic.o) (alt_iic_isr_register)
../MiniProject_bsp/\libhal_bsp.a(alt_io_redirect.o)
                              ../MiniProject_bsp/\libhal_bsp.a(alt_main.o) (alt_io_redirect)
../MiniProject_bsp/\libhal_bsp.a(alt_irq_entry.o)
                              ../MiniProject_bsp/\libhal_bsp.a(alt_iic_isr_register.o) (alt_irq_entry)
../MiniProject_bsp/\libhal_bsp.a(alt_irq_handler.o)
                              ../MiniProject_bsp/\libhal_bsp.a(alt_iic_isr_register.o) (alt_irq)
../MiniProject_bsp/\libhal_bsp.a(alt_irq_vars.o)
                              ../MiniProject_bsp/\libhal_bsp.a(alt_iic.o) (alt_irq_active)
../MiniProject_bsp/\libhal_bsp.a(alt_open.o)
                              ../MiniProject_bsp/\libhal_bsp.a(alt_io_redirect.o) (open)
../MiniProject_bsp/\libhal_bsp.a(alt_release_fd.o)
                              ../MiniProject_bsp/\libhal_bsp.a(alt_close.o) (alt_release_fd)
../MiniProject_bsp/\libhal_bsp.a(alt_tick.o)
                              ../MiniProject_bsp/\libhal_bsp.a(altera_avalon_jtag_uart_init.o) (_alt_tick_rate)
../MiniProject_bsp/\libhal_bsp.a(altera_nios2_gen2_irq.o)
                              ../MiniProject_bsp/\libhal_bsp.a(alt_sys_init.o) (altera_nios2_gen2_irq_init)
../MiniProject_bsp/\libhal_bsp.a(alt_exception_entry.o)
                              ../MiniProject_bsp/\libhal_bsp.a(alt_irq_entry.o) (alt_exception)
../MiniProject_bsp/\libhal_bsp.a(alt_find_dev.o)
                              ../MiniProject_bsp/\libhal_bsp.a(alt_open.o) (alt_find_dev)
../MiniProject_bsp/\libhal_bsp.a(alt_find_file.o)
                              ../MiniProject_bsp/\libhal_bsp.a(alt_open.o) (alt_find_file)
../MiniProject_bsp/\libhal_bsp.a(alt_get_fd.o)
                              ../MiniProject_bsp/\libhal_bsp.a(alt_open.o) (alt_get_fd)
../MiniProject_bsp/\libhal_bsp.a(alt_icache_flush.o)
                              ../MiniProject_bsp/\libhal_bsp.a(alt_icache_flush_all.o) (alt_icache_flush)
../MiniProject_bsp/\libhal_bsp.a(alt_instruction_exception_entry.o)
                              ../MiniProject_bsp/\libhal_bsp.a(alt_exception_entry.o) (alt_instruction_exception_entry)
c:/intelfpga_lite/18.1/nios2eds/bin/gnu/h-x86_64-mingw32/bin/../lib/gcc/nios2-elf/5.3.0/../../../../../H-x86_64-mingw32/nios2-elf/lib\libc.a(lib_a-atexit.o)
                              ../MiniProject_bsp/\libhal_bsp.a(alt_main.o) (atexit)
c:/intelfpga_lite/18.1/nios2eds/bin/gnu/h-x86_64-mingw32/bin/../lib/gcc/nios2-elf/5.3.0/../../../../../H-x86_64-mingw32/nios2-elf/lib\libc.a(lib_a-exit.o)
                              ../MiniProject_bsp/\libhal_bsp.a(alt_main.o) (exit)
c:/intelfpga_lite/18.1/nios2eds/bin/gnu/h-x86_64-mingw32/bin/../lib/gcc/nios2-elf/5.3.0/../../../../../H-x86_64-mingw32/nios2-elf/lib\libc.a(lib_a-impure.o)
                              c:/intelfpga_lite/18.1/nios2eds/bin/gnu/h-x86_64-mingw32/bin/../lib/gcc/nios2-elf/5.3.0/../../../../../H-x86_64-mingw32/nios2-elf/lib\libc.a(lib_a-exit.o) (_global_impure_ptr)
c:/intelfpga_lite/18.1/nios2eds/bin/gnu/h-x86_64-mingw32/bin/../lib/gcc/nios2-elf/5.3.0/../../../../../H-x86_64-mingw32/nios2-elf/lib\libc.a(lib_a-int_errno.o)
                              ../MiniProject_bsp/\libhal_bsp.a(alt_close.o) (errno)
c:/intelfpga_lite/18.1/nios2eds/bin/gnu/h-x86_64-mingw32/bin/../lib/gcc/nios2-elf/5.3.0/../../../../../H-x86_64-mingw32/nios2-elf/lib\libc.a(lib_a-memcmp.o)
                              ../MiniProject_bsp/\libhal_bsp.a(alt_find_dev.o) (memcmp)
c:/intelfpga_lite/18.1/nios2eds/bin/gnu/h-x86_64-mingw32/bin/../lib/gcc/nios2-elf/5.3.0/../../../../../H-x86_64-mingw32/nios2-elf/lib\libc.a(lib_a-memcpy.o)
                              ../MiniProject_bsp/\libhal_bsp.a(altera_avalon_jtag_uart_read.o) (memcpy)
c:/intelfpga_lite/18.1/nios2eds/bin/gnu/h-x86_64-mingw32/bin/../lib/gcc/nios2-elf/5.3.0/../../../../../H-x86_64-mingw32/nios2-elf/lib\libc.a(lib_a-strlen.o)
                              ../MiniProject_bsp/\libhal_bsp.a(alt_find_dev.o) (strlen)
c:/intelfpga_lite/18.1/nios2eds/bin/gnu/h-x86_64-mingw32/bin/../lib/gcc/nios2-elf/5.3.0/../../../../../H-x86_64-mingw32/nios2-elf/lib\libc.a(lib_a-__atexit.o)
                              c:/intelfpga_lite/18.1/nios2eds/bin/gnu/h-x86_64-mingw32/bin/../lib/gcc/nios2-elf/5.3.0/../../../../../H-x86_64-mingw32/nios2-elf/lib\libc.a(lib_a-atexit.o) (__register_exitproc)
c:/intelfpga_lite/18.1/nios2eds/bin/gnu/h-x86_64-mingw32/bin/../lib/gcc/nios2-elf/5.3.0/../../../../../H-x86_64-mingw32/nios2-elf/lib\libc.a(lib_a-__call_atexit.o)
                              c:/intelfpga_lite/18.1/nios2eds/bin/gnu/h-x86_64-mingw32/bin/../lib/gcc/nios2-elf/5.3.0/../../../../../H-x86_64-mingw32/nios2-elf/lib\libc.a(lib_a-exit.o) (__call_exitprocs)
../MiniProject_bsp/\libhal_bsp.a(alt_exit.o)
                              c:/intelfpga_lite/18.1/nios2eds/bin/gnu/h-x86_64-mingw32/bin/../lib/gcc/nios2-elf/5.3.0/../../../../../H-x86_64-mingw32/nios2-elf/lib\libc.a(lib_a-exit.o) (_exit)

Allocating common symbols
Common symbol       size              file

alt_irq             0x100             ../MiniProject_bsp/\libhal_bsp.a(alt_irq_handler.o)
errno               0x4               c:/intelfpga_lite/18.1/nios2eds/bin/gnu/h-x86_64-mingw32/bin/../lib/gcc/nios2-elf/5.3.0/../../../../../H-x86_64-mingw32/nios2-elf/lib\libc.a(lib_a-int_errno.o)

Memory Configuration

Name             Origin             Length             Attributes
reset            0x0000000000000000 0x0000000000000020
onchip_memory2_0 0x0000000000000020 0x0000000000018fe0
*default*        0x0000000000000000 0xffffffffffffffff

Linker script and memory map

LOAD ../MiniProject_bsp//obj/HAL/src/crt0.o
LOAD obj/default/hello_world.o
LOAD c:/intelfpga_lite/18.1/nios2eds/bin/gnu/h-x86_64-mingw32/bin/../lib/gcc/nios2-elf/5.3.0/../../../../../H-x86_64-mingw32/nios2-elf/lib\libstdc++.a
LOAD c:/intelfpga_lite/18.1/nios2eds/bin/gnu/h-x86_64-mingw32/bin/../lib/gcc/nios2-elf/5.3.0/../../../../../H-x86_64-mingw32/nios2-elf/lib\libm.a
LOAD c:/intelfpga_lite/18.1/nios2eds/bin/gnu/h-x86_64-mingw32/bin/../lib/gcc/nios2-elf/5.3.0\libgcc.a
START GROUP
LOAD c:/intelfpga_lite/18.1/nios2eds/bin/gnu/h-x86_64-mingw32/bin/../lib/gcc/nios2-elf/5.3.0/../../../../../H-x86_64-mingw32/nios2-elf/lib\libc.a
LOAD c:/intelfpga_lite/18.1/nios2eds/bin/gnu/h-x86_64-mingw32/bin/../lib/gcc/nios2-elf/5.3.0\libgcc.a
LOAD ../MiniProject_bsp/\libhal_bsp.a
LOAD c:/intelfpga_lite/18.1/nios2eds/bin/gnu/h-x86_64-mingw32/bin/../lib/gcc/nios2-elf/5.3.0/../../../../../H-x86_64-mingw32/nios2-elf/lib\libm.a
END GROUP
LOAD c:/intelfpga_lite/18.1/nios2eds/bin/gnu/h-x86_64-mingw32/bin/../lib/gcc/nios2-elf/5.3.0\libgcc.a
                0x0000000000000000                __alt_mem_onchip_memory2_0 = 0x0

.entry          0x0000000000000000       0x20
 *(.entry)
 .entry         0x0000000000000000       0x20 ../MiniProject_bsp//obj/HAL/src/crt0.o
                0x0000000000000000                __reset

.exceptions     0x0000000000000020      0x224
                0x0000000000000020                PROVIDE (__ram_exceptions_start, ABSOLUTE (.))
                0x0000000000000020                . = ALIGN (0x20)
 *(.irq)
 *(.exceptions.entry.label)
 .exceptions.entry.label
                0x0000000000000020        0x0 ../MiniProject_bsp/\libhal_bsp.a(alt_irq_entry.o)
                0x0000000000000020                alt_irq_entry
 .exceptions.entry.label
                0x0000000000000020        0x0 ../MiniProject_bsp/\libhal_bsp.a(alt_exception_entry.o)
                0x0000000000000020                alt_exception
 *(.exceptions.entry.user)
 *(.exceptions.entry.ecc_fatal)
 *(.exceptions.entry)
 .exceptions.entry
                0x0000000000000020       0x54 ../MiniProject_bsp/\libhal_bsp.a(alt_exception_entry.o)
 *(.exceptions.irqtest.user)
 *(.exceptions.irqtest)
 .exceptions.irqtest
                0x0000000000000074       0x10 ../MiniProject_bsp/\libhal_bsp.a(alt_irq_entry.o)
 *(.exceptions.irqhandler.user)
 *(.exceptions.irqhandler)
 .exceptions.irqhandler
                0x0000000000000084        0x4 ../MiniProject_bsp/\libhal_bsp.a(alt_irq_entry.o)
 *(.exceptions.irqreturn.user)
 *(.exceptions.irqreturn)
 .exceptions.irqreturn
                0x0000000000000088        0x4 ../MiniProject_bsp/\libhal_bsp.a(alt_irq_entry.o)
 *(.exceptions.notirq.label)
 .exceptions.notirq.label
                0x000000000000008c        0x0 ../MiniProject_bsp/\libhal_bsp.a(alt_irq_entry.o)
 *(.exceptions.notirq.user)
 *(.exceptions.notirq)
 .exceptions.notirq
                0x000000000000008c        0x8 ../MiniProject_bsp/\libhal_bsp.a(alt_exception_entry.o)
 *(.exceptions.soft.user)
 *(.exceptions.soft)
 *(.exceptions.unknown.user)
 *(.exceptions.unknown)
 .exceptions.unknown
                0x0000000000000094       0x14 ../MiniProject_bsp/\libhal_bsp.a(alt_exception_entry.o)
 *(.exceptions.exit.label)
 .exceptions.exit.label
                0x00000000000000a8        0x0 ../MiniProject_bsp/\libhal_bsp.a(alt_irq_entry.o)
 .exceptions.exit.label
                0x00000000000000a8        0x0 ../MiniProject_bsp/\libhal_bsp.a(alt_exception_entry.o)
 *(.exceptions.exit.user)
 *(.exceptions.exit)
 .exceptions.exit
                0x00000000000000a8       0x54 ../MiniProject_bsp/\libhal_bsp.a(alt_exception_entry.o)
 *(.exceptions)
 .exceptions    0x00000000000000fc       0xd4 ../MiniProject_bsp/\libhal_bsp.a(alt_irq_handler.o)
                0x00000000000000fc                alt_irq_handler
 .exceptions    0x00000000000001d0       0x74 ../MiniProject_bsp/\libhal_bsp.a(alt_instruction_exception_entry.o)
                0x00000000000001d0                alt_instruction_exception_entry
                0x0000000000000244                PROVIDE (__ram_exceptions_end, ABSOLUTE (.))
                0x0000000000000020                PROVIDE (__flash_exceptions_start, LOADADDR (.exceptions))

.text           0x0000000000000244     0x22c0
                [!provide]                        PROVIDE (stext, ABSOLUTE (.))
 *(.interp)
 *(.hash)
 *(.dynsym)
 *(.dynstr)
 *(.gnu.version)
 *(.gnu.version_d)
 *(.gnu.version_r)
 *(.rel.init)
 *(.rela.init)
 *(.rel.text .rel.text.* .rel.gnu.linkonce.t.*)
 *(.rela.text .rela.text.* .rela.gnu.linkonce.t.*)
 *(.rel.fini)
 *(.rela.fini)
 *(.rel.rodata .rel.rodata.* .rel.gnu.linkonce.r.*)
 *(.rela.rodata .rela.rodata.* .rela.gnu.linkonce.r.*)
 *(.rel.data .rel.data.* .rel.gnu.linkonce.d.*)
 *(.rela.data .rela.data.* .rela.gnu.linkonce.d.*)
 *(.rel.tdata .rel.tdata.* .rel.gnu.linkonce.td.*)
 *(.rela.tdata .rela.tdata.* .rela.gnu.linkonce.td.*)
 *(.rel.tbss .rel.tbss.* .rel.gnu.linkonce.tb.*)
 *(.rela.tbss .rela.tbss.* .rela.gnu.linkonce.tb.*)
 *(.rel.ctors)
 *(.rela.ctors)
 *(.rel.dtors)
 *(.rela.dtors)
 *(.rel.got)
 *(.rela.got)
 *(.rel.sdata .rel.sdata.* .rel.gnu.linkonce.s.*)
 *(.rela.sdata .rela.sdata.* .rela.gnu.linkonce.s.*)
 *(.rel.sbss .rel.sbss.* .rel.gnu.linkonce.sb.*)
 *(.rela.sbss .rela.sbss.* .rela.gnu.linkonce.sb.*)
 *(.rel.sdata2 .rel.sdata2.* .rel.gnu.linkonce.s2.*)
 *(.rela.sdata2 .rela.sdata2.* .rela.gnu.linkonce.s2.*)
 *(.rel.sbss2 .rel.sbss2.* .rel.gnu.linkonce.sb2.*)
 *(.rela.sbss2 .rela.sbss2.* .rela.gnu.linkonce.sb2.*)
 *(.rel.bss .rel.bss.* .rel.gnu.linkonce.b.*)
 *(.rela.bss .rela.bss.* .rela.gnu.linkonce.b.*)
 *(.rel.plt)
 *(.rela.plt)
 *(.rel.dyn)
 *(.init)
 *(.plt)
 *(.text .stub .text.* .gnu.linkonce.t.*)
 .text          0x0000000000000244       0x4c ../MiniProject_bsp//obj/HAL/src/crt0.o
                0x0000000000000244                _start
 .text          0x0000000000000290       0x34 obj/default/hello_world.o
                0x0000000000000290                main
 .text          0x00000000000002c4       0xec ../MiniProject_bsp/\libhal_bsp.a(alt_load.o)
                0x000000000000032c                alt_load
 .text          0x00000000000003b0       0x7c ../MiniProject_bsp/\libhal_bsp.a(alt_main.o)
                0x00000000000003b0                alt_main
 .text          0x000000000000042c       0xb4 ../MiniProject_bsp/\libhal_bsp.a(alt_sys_init.o)
                0x0000000000000460                alt_irq_init
                0x0000000000000498                alt_sys_init
 .text          0x00000000000004e0      0x164 ../MiniProject_bsp/\libhal_bsp.a(altera_avalon_jtag_uart_fd.o)
                0x00000000000004e0                altera_avalon_jtag_uart_read_fd
                0x0000000000000540                altera_avalon_jtag_uart_write_fd
                0x00000000000005a0                altera_avalon_jtag_uart_close_fd
                0x00000000000005f0                altera_avalon_jtag_uart_ioctl_fd
 .text          0x0000000000000644      0x3d4 ../MiniProject_bsp/\libhal_bsp.a(altera_avalon_jtag_uart_init.o)
                0x0000000000000644                altera_avalon_jtag_uart_init
                0x00000000000009b0                altera_avalon_jtag_uart_close
 .text          0x0000000000000a18       0xf0 ../MiniProject_bsp/\libhal_bsp.a(altera_avalon_jtag_uart_ioctl.o)
                0x0000000000000a18                altera_avalon_jtag_uart_ioctl
 .text          0x0000000000000b08      0x21c ../MiniProject_bsp/\libhal_bsp.a(altera_avalon_jtag_uart_read.o)
                0x0000000000000b08                altera_avalon_jtag_uart_read
 .text          0x0000000000000d24      0x224 ../MiniProject_bsp/\libhal_bsp.a(altera_avalon_jtag_uart_write.o)
                0x0000000000000d24                altera_avalon_jtag_uart_write
 .text          0x0000000000000f48      0x12c ../MiniProject_bsp/\libhal_bsp.a(alt_alarm_start.o)
                0x0000000000000f48                alt_alarm_start
 .text          0x0000000000001074      0x10c ../MiniProject_bsp/\libhal_bsp.a(alt_close.o)
                0x00000000000010b0                close
 .text          0x0000000000001180       0x48 ../MiniProject_bsp/\libhal_bsp.a(alt_dcache_flush_all.o)
                0x0000000000001180                alt_dcache_flush_all
 .text          0x00000000000011c8       0x2c ../MiniProject_bsp/\libhal_bsp.a(alt_dev.o)
 .text          0x00000000000011f4       0xe0 ../MiniProject_bsp/\libhal_bsp.a(alt_dev_llist_insert.o)
                0x0000000000001230                alt_dev_llist_insert
 .text          0x00000000000012d4       0x60 ../MiniProject_bsp/\libhal_bsp.a(alt_do_ctors.o)
                0x00000000000012d4                _do_ctors
 .text          0x0000000000001334       0x60 ../MiniProject_bsp/\libhal_bsp.a(alt_do_dtors.o)
                0x0000000000001334                _do_dtors
 .text          0x0000000000001394        0x0 ../MiniProject_bsp/\libhal_bsp.a(alt_errno.o)
 .text          0x0000000000001394       0x34 ../MiniProject_bsp/\libhal_bsp.a(alt_icache_flush_all.o)
                0x0000000000001394                alt_icache_flush_all
 .text          0x00000000000013c8      0x1b0 ../MiniProject_bsp/\libhal_bsp.a(alt_iic.o)
                0x00000000000013c8                alt_ic_isr_register
                0x0000000000001418                alt_ic_irq_enable
                0x00000000000014a0                alt_ic_irq_disable
                0x000000000000152c                alt_ic_irq_enabled
 .text          0x0000000000001578       0xf0 ../MiniProject_bsp/\libhal_bsp.a(alt_iic_isr_register.o)
                0x0000000000001578                alt_iic_isr_register
 .text          0x0000000000001668      0x140 ../MiniProject_bsp/\libhal_bsp.a(alt_io_redirect.o)
                0x000000000000172c                alt_io_redirect
 .text          0x00000000000017a8        0x0 ../MiniProject_bsp/\libhal_bsp.a(alt_irq_entry.o)
 .text          0x00000000000017a8        0x0 ../MiniProject_bsp/\libhal_bsp.a(alt_irq_handler.o)
 .text          0x00000000000017a8        0x0 ../MiniProject_bsp/\libhal_bsp.a(alt_irq_vars.o)
 .text          0x00000000000017a8      0x254 ../MiniProject_bsp/\libhal_bsp.a(alt_open.o)
                0x00000000000018a8                open
 .text          0x00000000000019fc       0x64 ../MiniProject_bsp/\libhal_bsp.a(alt_release_fd.o)
                0x00000000000019fc                alt_release_fd
 .text          0x0000000000001a60      0x1a4 ../MiniProject_bsp/\libhal_bsp.a(alt_tick.o)
                0x0000000000001a60                alt_alarm_stop
                0x0000000000001afc                alt_tick
 .text          0x0000000000001c04       0x24 ../MiniProject_bsp/\libhal_bsp.a(altera_nios2_gen2_irq.o)
                0x0000000000001c04                altera_nios2_gen2_irq_init
 .text          0x0000000000001c28        0x0 ../MiniProject_bsp/\libhal_bsp.a(alt_exception_entry.o)
 .text          0x0000000000001c28       0x90 ../MiniProject_bsp/\libhal_bsp.a(alt_find_dev.o)
                0x0000000000001c28                alt_find_dev
 .text          0x0000000000001cb8      0x108 ../MiniProject_bsp/\libhal_bsp.a(alt_find_file.o)
                0x0000000000001cb8                alt_find_file
 .text          0x0000000000001dc0       0xa4 ../MiniProject_bsp/\libhal_bsp.a(alt_get_fd.o)
                0x0000000000001dc0                alt_get_fd
 .text          0x0000000000001e64       0x90 ../MiniProject_bsp/\libhal_bsp.a(alt_icache_flush.o)
                0x0000000000001e64                alt_icache_flush
 .text          0x0000000000001ef4       0x9c ../MiniProject_bsp/\libhal_bsp.a(alt_instruction_exception_entry.o)
                0x0000000000001ef4                alt_exception_cause_generated_bad_addr
 .text          0x0000000000001f90        0x0 c:/intelfpga_lite/18.1/nios2eds/bin/gnu/h-x86_64-mingw32/bin/../lib/gcc/nios2-elf/5.3.0/../../../../../H-x86_64-mingw32/nios2-elf/lib\libc.a(lib_a-atexit.o)
 .text.atexit   0x0000000000001f90       0x14 c:/intelfpga_lite/18.1/nios2eds/bin/gnu/h-x86_64-mingw32/bin/../lib/gcc/nios2-elf/5.3.0/../../../../../H-x86_64-mingw32/nios2-elf/lib\libc.a(lib_a-atexit.o)
                0x0000000000001f90                atexit
 .text          0x0000000000001fa4        0x0 c:/intelfpga_lite/18.1/nios2eds/bin/gnu/h-x86_64-mingw32/bin/../lib/gcc/nios2-elf/5.3.0/../../../../../H-x86_64-mingw32/nios2-elf/lib\libc.a(lib_a-exit.o)
 .text.exit     0x0000000000001fa4       0x38 c:/intelfpga_lite/18.1/nios2eds/bin/gnu/h-x86_64-mingw32/bin/../lib/gcc/nios2-elf/5.3.0/../../../../../H-x86_64-mingw32/nios2-elf/lib\libc.a(lib_a-exit.o)
                0x0000000000001fa4                exit
 .text          0x0000000000001fdc        0x0 c:/intelfpga_lite/18.1/nios2eds/bin/gnu/h-x86_64-mingw32/bin/../lib/gcc/nios2-elf/5.3.0/../../../../../H-x86_64-mingw32/nios2-elf/lib\libc.a(lib_a-impure.o)
 .text          0x0000000000001fdc        0x0 c:/intelfpga_lite/18.1/nios2eds/bin/gnu/h-x86_64-mingw32/bin/../lib/gcc/nios2-elf/5.3.0/../../../../../H-x86_64-mingw32/nios2-elf/lib\libc.a(lib_a-int_errno.o)
 .text          0x0000000000001fdc        0x0 c:/intelfpga_lite/18.1/nios2eds/bin/gnu/h-x86_64-mingw32/bin/../lib/gcc/nios2-elf/5.3.0/../../../../../H-x86_64-mingw32/nios2-elf/lib\libc.a(lib_a-memcmp.o)
 .text.memcmp   0x0000000000001fdc       0x7c c:/intelfpga_lite/18.1/nios2eds/bin/gnu/h-x86_64-mingw32/bin/../lib/gcc/nios2-elf/5.3.0/../../../../../H-x86_64-mingw32/nios2-elf/lib\libc.a(lib_a-memcmp.o)
                0x0000000000001fdc                memcmp
 .text          0x0000000000002058        0x0 c:/intelfpga_lite/18.1/nios2eds/bin/gnu/h-x86_64-mingw32/bin/../lib/gcc/nios2-elf/5.3.0/../../../../../H-x86_64-mingw32/nios2-elf/lib\libc.a(lib_a-memcpy.o)
 .text.memcpy   0x0000000000002058      0x148 c:/intelfpga_lite/18.1/nios2eds/bin/gnu/h-x86_64-mingw32/bin/../lib/gcc/nios2-elf/5.3.0/../../../../../H-x86_64-mingw32/nios2-elf/lib\libc.a(lib_a-memcpy.o)
                0x0000000000002058                memcpy
 .text          0x00000000000021a0        0x0 c:/intelfpga_lite/18.1/nios2eds/bin/gnu/h-x86_64-mingw32/bin/../lib/gcc/nios2-elf/5.3.0/../../../../../H-x86_64-mingw32/nios2-elf/lib\libc.a(lib_a-strlen.o)
 .text.strlen   0x00000000000021a0       0x98 c:/intelfpga_lite/18.1/nios2eds/bin/gnu/h-x86_64-mingw32/bin/../lib/gcc/nios2-elf/5.3.0/../../../../../H-x86_64-mingw32/nios2-elf/lib\libc.a(lib_a-strlen.o)
                0x00000000000021a0                strlen
 .text          0x0000000000002238        0x0 c:/intelfpga_lite/18.1/nios2eds/bin/gnu/h-x86_64-mingw32/bin/../lib/gcc/nios2-elf/5.3.0/../../../../../H-x86_64-mingw32/nios2-elf/lib\libc.a(lib_a-__atexit.o)
 .text.__register_exitproc
                0x0000000000002238      0x118 c:/intelfpga_lite/18.1/nios2eds/bin/gnu/h-x86_64-mingw32/bin/../lib/gcc/nios2-elf/5.3.0/../../../../../H-x86_64-mingw32/nios2-elf/lib\libc.a(lib_a-__atexit.o)
                0x0000000000002238                __register_exitproc
 .text          0x0000000000002350        0x0 c:/intelfpga_lite/18.1/nios2eds/bin/gnu/h-x86_64-mingw32/bin/../lib/gcc/nios2-elf/5.3.0/../../../../../H-x86_64-mingw32/nios2-elf/lib\libc.a(lib_a-__call_atexit.o)
 .text.__call_exitprocs
                0x0000000000002350      0x180 c:/intelfpga_lite/18.1/nios2eds/bin/gnu/h-x86_64-mingw32/bin/../lib/gcc/nios2-elf/5.3.0/../../../../../H-x86_64-mingw32/nios2-elf/lib\libc.a(lib_a-__call_atexit.o)
                0x0000000000002350                __call_exitprocs
 .text          0x00000000000024d0       0x34 ../MiniProject_bsp/\libhal_bsp.a(alt_exit.o)
                0x00000000000024d0                _exit
 *(.gnu.warning.*)
 *(.fini)
                [!provide]                        PROVIDE (__etext, ABSOLUTE (.))
                [!provide]                        PROVIDE (_etext, ABSOLUTE (.))
                [!provide]                        PROVIDE (etext, ABSOLUTE (.))
 *(.eh_frame_hdr)
                0x0000000000002504                . = ALIGN (0x4)
                [!provide]                        PROVIDE (__preinit_array_start, ABSOLUTE (.))
 *(.preinit_array)
                [!provide]                        PROVIDE (__preinit_array_end, ABSOLUTE (.))
                [!provide]                        PROVIDE (__init_array_start, ABSOLUTE (.))
 *(.init_array)
                [!provide]                        PROVIDE (__init_array_end, ABSOLUTE (.))
                [!provide]                        PROVIDE (__fini_array_start, ABSOLUTE (.))
 *(.fini_array)
                [!provide]                        PROVIDE (__fini_array_end, ABSOLUTE (.))
 *(.eh_frame)
 *(.gcc_except_table .gcc_except_table.*)
 *(.dynamic)
                0x0000000000002504                PROVIDE (__CTOR_LIST__, ABSOLUTE (.))
 *(.ctors)
 *(SORT(.ctors.*))
                0x0000000000002504                PROVIDE (__CTOR_END__, ABSOLUTE (.))
                0x0000000000002504                PROVIDE (__DTOR_LIST__, ABSOLUTE (.))
 *(.dtors)
 *(SORT(.dtors.*))
                0x0000000000002504                PROVIDE (__DTOR_END__, ABSOLUTE (.))
 *(.jcr)
                0x0000000000002504                . = ALIGN (0x4)

.rodata         0x0000000000002504       0x38
                0x0000000000002504                PROVIDE (__ram_rodata_start, ABSOLUTE (.))
                0x0000000000002504                . = ALIGN (0x4)
 *(.rodata .rodata.* .gnu.linkonce.r.*)
 .rodata        0x0000000000002504       0x11 ../MiniProject_bsp/\libhal_bsp.a(alt_main.o)
 *fill*         0x0000000000002515        0x3 
 .rodata        0x0000000000002518       0x11 ../MiniProject_bsp/\libhal_bsp.a(alt_sys_init.o)
 *fill*         0x0000000000002529        0x3 
 .rodata        0x000000000000252c        0xa ../MiniProject_bsp/\libhal_bsp.a(alt_dev.o)
 *fill*         0x0000000000002536        0x2 
 .rodata.str1.4
                0x0000000000002538        0x4 c:/intelfpga_lite/18.1/nios2eds/bin/gnu/h-x86_64-mingw32/bin/../lib/gcc/nios2-elf/5.3.0/../../../../../H-x86_64-mingw32/nios2-elf/lib\libc.a(lib_a-impure.o)
                                          0x2 (size before relaxing)
 *(.rodata1)
                0x000000000000253c                . = ALIGN (0x4)
                0x000000000000253c                PROVIDE (__ram_rodata_end, ABSOLUTE (.))
                0x0000000000002504                PROVIDE (__flash_rodata_start, LOADADDR (.rodata))

.rwdata         0x000000000000253c     0x166c load address 0x0000000000003ba8
                0x000000000000253c                PROVIDE (__ram_rwdata_start, ABSOLUTE (.))
                0x000000000000253c                . = ALIGN (0x4)
 *(.got.plt)
 *(.got)
 *(.data1)
 *(.data .data.* .gnu.linkonce.d.*)
 .data          0x000000000000253c        0x0 ../MiniProject_bsp//obj/HAL/src/crt0.o
 .data          0x000000000000253c        0x0 obj/default/hello_world.o
 .data          0x000000000000253c        0x0 ../MiniProject_bsp/\libhal_bsp.a(alt_load.o)
 .data          0x000000000000253c        0x0 ../MiniProject_bsp/\libhal_bsp.a(alt_main.o)
 .data          0x000000000000253c     0x1060 ../MiniProject_bsp/\libhal_bsp.a(alt_sys_init.o)
 .data          0x000000000000359c        0x0 ../MiniProject_bsp/\libhal_bsp.a(altera_avalon_jtag_uart_fd.o)
 .data          0x000000000000359c        0x0 ../MiniProject_bsp/\libhal_bsp.a(altera_avalon_jtag_uart_init.o)
 .data          0x000000000000359c        0x0 ../MiniProject_bsp/\libhal_bsp.a(altera_avalon_jtag_uart_ioctl.o)
 .data          0x000000000000359c        0x0 ../MiniProject_bsp/\libhal_bsp.a(altera_avalon_jtag_uart_read.o)
 .data          0x000000000000359c        0x0 ../MiniProject_bsp/\libhal_bsp.a(altera_avalon_jtag_uart_write.o)
 .data          0x000000000000359c        0x0 ../MiniProject_bsp/\libhal_bsp.a(alt_alarm_start.o)
 .data          0x000000000000359c        0x0 ../MiniProject_bsp/\libhal_bsp.a(alt_close.o)
 .data          0x000000000000359c        0x0 ../MiniProject_bsp/\libhal_bsp.a(alt_dcache_flush_all.o)
 .data          0x000000000000359c      0x1a8 ../MiniProject_bsp/\libhal_bsp.a(alt_dev.o)
                0x000000000000359c                alt_dev_null
                0x00000000000035c4                alt_fd_list
 .data          0x0000000000003744        0x0 ../MiniProject_bsp/\libhal_bsp.a(alt_dev_llist_insert.o)
 .data          0x0000000000003744        0x0 ../MiniProject_bsp/\libhal_bsp.a(alt_do_ctors.o)
 .data          0x0000000000003744        0x0 ../MiniProject_bsp/\libhal_bsp.a(alt_do_dtors.o)
 .data          0x0000000000003744        0x0 ../MiniProject_bsp/\libhal_bsp.a(alt_errno.o)
 .data          0x0000000000003744        0x0 ../MiniProject_bsp/\libhal_bsp.a(alt_icache_flush_all.o)
 .data          0x0000000000003744        0x0 ../MiniProject_bsp/\libhal_bsp.a(alt_iic.o)
 .data          0x0000000000003744        0x0 ../MiniProject_bsp/\libhal_bsp.a(alt_iic_isr_register.o)
 .data          0x0000000000003744        0x0 ../MiniProject_bsp/\libhal_bsp.a(alt_io_redirect.o)
 .data          0x0000000000003744        0x0 ../MiniProject_bsp/\libhal_bsp.a(alt_irq_entry.o)
 .data          0x0000000000003744        0x0 ../MiniProject_bsp/\libhal_bsp.a(alt_irq_handler.o)
 .data          0x0000000000003744        0x0 ../MiniProject_bsp/\libhal_bsp.a(alt_irq_vars.o)
 .data          0x0000000000003744        0x0 ../MiniProject_bsp/\libhal_bsp.a(alt_open.o)
 .data          0x0000000000003744        0x0 ../MiniProject_bsp/\libhal_bsp.a(alt_release_fd.o)
 .data          0x0000000000003744        0x0 ../MiniProject_bsp/\libhal_bsp.a(alt_tick.o)
 .data          0x0000000000003744        0x0 ../MiniProject_bsp/\libhal_bsp.a(altera_nios2_gen2_irq.o)
 .data          0x0000000000003744        0x0 ../MiniProject_bsp/\libhal_bsp.a(alt_exception_entry.o)
 .data          0x0000000000003744        0x0 ../MiniProject_bsp/\libhal_bsp.a(alt_find_dev.o)
 .data          0x0000000000003744        0x0 ../MiniProject_bsp/\libhal_bsp.a(alt_find_file.o)
 .data          0x0000000000003744        0x0 ../MiniProject_bsp/\libhal_bsp.a(alt_get_fd.o)
 .data          0x0000000000003744        0x0 ../MiniProject_bsp/\libhal_bsp.a(alt_icache_flush.o)
 .data          0x0000000000003744        0x0 ../MiniProject_bsp/\libhal_bsp.a(alt_instruction_exception_entry.o)
 .data          0x0000000000003744        0x0 c:/intelfpga_lite/18.1/nios2eds/bin/gnu/h-x86_64-mingw32/bin/../lib/gcc/nios2-elf/5.3.0/../../../../../H-x86_64-mingw32/nios2-elf/lib\libc.a(lib_a-atexit.o)
 .data          0x0000000000003744        0x0 c:/intelfpga_lite/18.1/nios2eds/bin/gnu/h-x86_64-mingw32/bin/../lib/gcc/nios2-elf/5.3.0/../../../../../H-x86_64-mingw32/nios2-elf/lib\libc.a(lib_a-exit.o)
 .data          0x0000000000003744        0x0 c:/intelfpga_lite/18.1/nios2eds/bin/gnu/h-x86_64-mingw32/bin/../lib/gcc/nios2-elf/5.3.0/../../../../../H-x86_64-mingw32/nios2-elf/lib\libc.a(lib_a-impure.o)
 .data.impure_data
                0x0000000000003744      0x424 c:/intelfpga_lite/18.1/nios2eds/bin/gnu/h-x86_64-mingw32/bin/../lib/gcc/nios2-elf/5.3.0/../../../../../H-x86_64-mingw32/nios2-elf/lib\libc.a(lib_a-impure.o)
 .data          0x0000000000003b68        0x0 c:/intelfpga_lite/18.1/nios2eds/bin/gnu/h-x86_64-mingw32/bin/../lib/gcc/nios2-elf/5.3.0/../../../../../H-x86_64-mingw32/nios2-elf/lib\libc.a(lib_a-int_errno.o)
 .data          0x0000000000003b68        0x0 c:/intelfpga_lite/18.1/nios2eds/bin/gnu/h-x86_64-mingw32/bin/../lib/gcc/nios2-elf/5.3.0/../../../../../H-x86_64-mingw32/nios2-elf/lib\libc.a(lib_a-memcmp.o)
 .data          0x0000000000003b68        0x0 c:/intelfpga_lite/18.1/nios2eds/bin/gnu/h-x86_64-mingw32/bin/../lib/gcc/nios2-elf/5.3.0/../../../../../H-x86_64-mingw32/nios2-elf/lib\libc.a(lib_a-memcpy.o)
 .data          0x0000000000003b68        0x0 c:/intelfpga_lite/18.1/nios2eds/bin/gnu/h-x86_64-mingw32/bin/../lib/gcc/nios2-elf/5.3.0/../../../../../H-x86_64-mingw32/nios2-elf/lib\libc.a(lib_a-strlen.o)
 .data          0x0000000000003b68        0x0 c:/intelfpga_lite/18.1/nios2eds/bin/gnu/h-x86_64-mingw32/bin/../lib/gcc/nios2-elf/5.3.0/../../../../../H-x86_64-mingw32/nios2-elf/lib\libc.a(lib_a-__atexit.o)
 .data          0x0000000000003b68        0x0 c:/intelfpga_lite/18.1/nios2eds/bin/gnu/h-x86_64-mingw32/bin/../lib/gcc/nios2-elf/5.3.0/../../../../../H-x86_64-mingw32/nios2-elf/lib\libc.a(lib_a-__call_atexit.o)
 .data          0x0000000000003b68        0x0 ../MiniProject_bsp/\libhal_bsp.a(alt_exit.o)
                0x000000000000bb68                _gp = ABSOLUTE ((. + 0x8000))
                [!provide]                        PROVIDE (gp, _gp)
 *(.rwdata .rwdata.*)
 *(.sdata .sdata.* .gnu.linkonce.s.*)
 .sdata         0x0000000000003b68       0x14 obj/default/hello_world.o
                0x0000000000003b68                LED_ptr
                0x0000000000003b6c                key0
                0x0000000000003b70                key1
                0x0000000000003b74                HEX_low_ptr
                0x0000000000003b78                HEX_high_ptr
 .sdata         0x0000000000003b7c       0x14 ../MiniProject_bsp/\libhal_bsp.a(alt_dev.o)
                0x0000000000003b7c                alt_fs_list
                0x0000000000003b84                alt_dev_list
                0x0000000000003b8c                alt_max_fd
 .sdata         0x0000000000003b90        0x4 ../MiniProject_bsp/\libhal_bsp.a(alt_errno.o)
                0x0000000000003b90                alt_errno
 .sdata         0x0000000000003b94        0x4 ../MiniProject_bsp/\libhal_bsp.a(alt_irq_vars.o)
                0x0000000000003b94                alt_priority_mask
 .sdata         0x0000000000003b98        0x8 ../MiniProject_bsp/\libhal_bsp.a(alt_tick.o)
                0x0000000000003b98                alt_alarm_list
 .sdata._global_impure_ptr
                0x0000000000003ba0        0x4 c:/intelfpga_lite/18.1/nios2eds/bin/gnu/h-x86_64-mingw32/bin/../lib/gcc/nios2-elf/5.3.0/../../../../../H-x86_64-mingw32/nios2-elf/lib\libc.a(lib_a-impure.o)
                0x0000000000003ba0                _global_impure_ptr
 .sdata._impure_ptr
                0x0000000000003ba4        0x4 c:/intelfpga_lite/18.1/nios2eds/bin/gnu/h-x86_64-mingw32/bin/../lib/gcc/nios2-elf/5.3.0/../../../../../H-x86_64-mingw32/nios2-elf/lib\libc.a(lib_a-impure.o)
                0x0000000000003ba4                _impure_ptr
 *(.sdata2 .sdata2.* .gnu.linkonce.s2.*)
                0x0000000000003ba8                . = ALIGN (0x4)
                0x0000000000003ba8                _edata = ABSOLUTE (.)
                [!provide]                        PROVIDE (edata, ABSOLUTE (.))
                0x0000000000003ba8                PROVIDE (__ram_rwdata_end, ABSOLUTE (.))
                0x0000000000003ba8                PROVIDE (__flash_rwdata_start, LOADADDR (.rwdata))

.bss            0x0000000000005214      0x120
                0x0000000000005214                __bss_start = ABSOLUTE (.)
                [!provide]                        PROVIDE (__sbss_start, ABSOLUTE (.))
                [!provide]                        PROVIDE (___sbss_start, ABSOLUTE (.))
 *(.dynsbss)
 *(.sbss .sbss.* .gnu.linkonce.sb.*)
 .sbss          0x0000000000005214        0xc ../MiniProject_bsp/\libhal_bsp.a(alt_main.o)
                0x0000000000005214                alt_argc
                0x0000000000005218                alt_argv
                0x000000000000521c                alt_envp
 .sbss          0x0000000000005220        0x4 ../MiniProject_bsp/\libhal_bsp.a(alt_irq_vars.o)
                0x0000000000005220                alt_irq_active
 .sbss          0x0000000000005224        0x8 ../MiniProject_bsp/\libhal_bsp.a(alt_tick.o)
                0x0000000000005224                _alt_tick_rate
                0x0000000000005228                _alt_nticks
 .sbss          0x000000000000522c        0x4 ../MiniProject_bsp/\libhal_bsp.a(alt_instruction_exception_entry.o)
                0x000000000000522c                alt_instruction_exception_handler
 .sbss          0x0000000000005230        0x4 c:/intelfpga_lite/18.1/nios2eds/bin/gnu/h-x86_64-mingw32/bin/../lib/gcc/nios2-elf/5.3.0/../../../../../H-x86_64-mingw32/nios2-elf/lib\libc.a(lib_a-int_errno.o)
                0x0000000000005230                errno
 *(.sbss2 .sbss2.* .gnu.linkonce.sb2.*)
 *(.scommon)
                [!provide]                        PROVIDE (__sbss_end, ABSOLUTE (.))
                [!provide]                        PROVIDE (___sbss_end, ABSOLUTE (.))
 *(.dynbss)
 *(.bss .bss.* .gnu.linkonce.b.*)
 .bss           0x0000000000005234        0x0 ../MiniProject_bsp//obj/HAL/src/crt0.o
 .bss           0x0000000000005234        0x0 obj/default/hello_world.o
 .bss           0x0000000000005234        0x0 ../MiniProject_bsp/\libhal_bsp.a(alt_load.o)
 .bss           0x0000000000005234        0x0 ../MiniProject_bsp/\libhal_bsp.a(alt_main.o)
 .bss           0x0000000000005234        0x0 ../MiniProject_bsp/\libhal_bsp.a(alt_sys_init.o)
 .bss           0x0000000000005234        0x0 ../MiniProject_bsp/\libhal_bsp.a(altera_avalon_jtag_uart_fd.o)
 .bss           0x0000000000005234        0x0 ../MiniProject_bsp/\libhal_bsp.a(altera_avalon_jtag_uart_init.o)
 .bss           0x0000000000005234        0x0 ../MiniProject_bsp/\libhal_bsp.a(altera_avalon_jtag_uart_ioctl.o)
 .bss           0x0000000000005234        0x0 ../MiniProject_bsp/\libhal_bsp.a(altera_avalon_jtag_uart_read.o)
 .bss           0x0000000000005234        0x0 ../MiniProject_bsp/\libhal_bsp.a(altera_avalon_jtag_uart_write.o)
 .bss           0x0000000000005234        0x0 ../MiniProject_bsp/\libhal_bsp.a(alt_alarm_start.o)
 .bss           0x0000000000005234        0x0 ../MiniProject_bsp/\libhal_bsp.a(alt_close.o)
 .bss           0x0000000000005234        0x0 ../MiniProject_bsp/\libhal_bsp.a(alt_dcache_flush_all.o)
 .bss           0x0000000000005234        0x0 ../MiniProject_bsp/\libhal_bsp.a(alt_dev.o)
 .bss           0x0000000000005234        0x0 ../MiniProject_bsp/\libhal_bsp.a(alt_dev_llist_insert.o)
 .bss           0x0000000000005234        0x0 ../MiniProject_bsp/\libhal_bsp.a(alt_do_ctors.o)
 .bss           0x0000000000005234        0x0 ../MiniProject_bsp/\libhal_bsp.a(alt_do_dtors.o)
 .bss           0x0000000000005234        0x0 ../MiniProject_bsp/\libhal_bsp.a(alt_errno.o)
 .bss           0x0000000000005234        0x0 ../MiniProject_bsp/\libhal_bsp.a(alt_icache_flush_all.o)
 .bss           0x0000000000005234        0x0 ../MiniProject_bsp/\libhal_bsp.a(alt_iic.o)
 .bss           0x0000000000005234        0x0 ../MiniProject_bsp/\libhal_bsp.a(alt_iic_isr_register.o)
 .bss           0x0000000000005234        0x0 ../MiniProject_bsp/\libhal_bsp.a(alt_io_redirect.o)
 .bss           0x0000000000005234        0x0 ../MiniProject_bsp/\libhal_bsp.a(alt_irq_entry.o)
 .bss           0x0000000000005234        0x0 ../MiniProject_bsp/\libhal_bsp.a(alt_irq_handler.o)
 .bss           0x0000000000005234        0x0 ../MiniProject_bsp/\libhal_bsp.a(alt_irq_vars.o)
 .bss           0x0000000000005234        0x0 ../MiniProject_bsp/\libhal_bsp.a(alt_open.o)
 .bss           0x0000000000005234        0x0 ../MiniProject_bsp/\libhal_bsp.a(alt_release_fd.o)
 .bss           0x0000000000005234        0x0 ../MiniProject_bsp/\libhal_bsp.a(alt_tick.o)
 .bss           0x0000000000005234        0x0 ../MiniProject_bsp/\libhal_bsp.a(altera_nios2_gen2_irq.o)
 .bss           0x0000000000005234        0x0 ../MiniProject_bsp/\libhal_bsp.a(alt_exception_entry.o)
 .bss           0x0000000000005234        0x0 ../MiniProject_bsp/\libhal_bsp.a(alt_find_dev.o)
 .bss           0x0000000000005234        0x0 ../MiniProject_bsp/\libhal_bsp.a(alt_find_file.o)
 .bss           0x0000000000005234        0x0 ../MiniProject_bsp/\libhal_bsp.a(alt_get_fd.o)
 .bss           0x0000000000005234        0x0 ../MiniProject_bsp/\libhal_bsp.a(alt_icache_flush.o)
 .bss           0x0000000000005234        0x0 ../MiniProject_bsp/\libhal_bsp.a(alt_instruction_exception_entry.o)
 .bss           0x0000000000005234        0x0 c:/intelfpga_lite/18.1/nios2eds/bin/gnu/h-x86_64-mingw32/bin/../lib/gcc/nios2-elf/5.3.0/../../../../../H-x86_64-mingw32/nios2-elf/lib\libc.a(lib_a-atexit.o)
 .bss           0x0000000000005234        0x0 c:/intelfpga_lite/18.1/nios2eds/bin/gnu/h-x86_64-mingw32/bin/../lib/gcc/nios2-elf/5.3.0/../../../../../H-x86_64-mingw32/nios2-elf/lib\libc.a(lib_a-exit.o)
 .bss           0x0000000000005234        0x0 c:/intelfpga_lite/18.1/nios2eds/bin/gnu/h-x86_64-mingw32/bin/../lib/gcc/nios2-elf/5.3.0/../../../../../H-x86_64-mingw32/nios2-elf/lib\libc.a(lib_a-impure.o)
 .bss           0x0000000000005234        0x0 c:/intelfpga_lite/18.1/nios2eds/bin/gnu/h-x86_64-mingw32/bin/../lib/gcc/nios2-elf/5.3.0/../../../../../H-x86_64-mingw32/nios2-elf/lib\libc.a(lib_a-int_errno.o)
 .bss           0x0000000000005234        0x0 c:/intelfpga_lite/18.1/nios2eds/bin/gnu/h-x86_64-mingw32/bin/../lib/gcc/nios2-elf/5.3.0/../../../../../H-x86_64-mingw32/nios2-elf/lib\libc.a(lib_a-memcmp.o)
 .bss           0x0000000000005234        0x0 c:/intelfpga_lite/18.1/nios2eds/bin/gnu/h-x86_64-mingw32/bin/../lib/gcc/nios2-elf/5.3.0/../../../../../H-x86_64-mingw32/nios2-elf/lib\libc.a(lib_a-memcpy.o)
 .bss           0x0000000000005234        0x0 c:/intelfpga_lite/18.1/nios2eds/bin/gnu/h-x86_64-mingw32/bin/../lib/gcc/nios2-elf/5.3.0/../../../../../H-x86_64-mingw32/nios2-elf/lib\libc.a(lib_a-strlen.o)
 .bss           0x0000000000005234        0x0 c:/intelfpga_lite/18.1/nios2eds/bin/gnu/h-x86_64-mingw32/bin/../lib/gcc/nios2-elf/5.3.0/../../../../../H-x86_64-mingw32/nios2-elf/lib\libc.a(lib_a-__atexit.o)
 .bss           0x0000000000005234        0x0 c:/intelfpga_lite/18.1/nios2eds/bin/gnu/h-x86_64-mingw32/bin/../lib/gcc/nios2-elf/5.3.0/../../../../../H-x86_64-mingw32/nios2-elf/lib\libc.a(lib_a-__call_atexit.o)
 .bss           0x0000000000005234        0x0 ../MiniProject_bsp/\libhal_bsp.a(alt_exit.o)
 *(COMMON)
 COMMON         0x0000000000005234      0x100 ../MiniProject_bsp/\libhal_bsp.a(alt_irq_handler.o)
                0x0000000000005234                alt_irq
                0x0000000000005334                . = ALIGN (0x4)
                0x0000000000005334                __bss_end = ABSOLUTE (.)

.onchip_memory2_0
                0x0000000000005334        0x0
                [!provide]                        PROVIDE (_alt_partition_onchip_memory2_0_start, ABSOLUTE (.))
 *(.onchip_memory2_0 .onchip_memory2_0. onchip_memory2_0.*)
                0x0000000000005334                . = ALIGN (0x4)
                [!provide]                        PROVIDE (_alt_partition_onchip_memory2_0_end, ABSOLUTE (.))
                0x0000000000005334                _end = ABSOLUTE (.)
                0x0000000000005334                end = ABSOLUTE (.)
                0x0000000000005334                __alt_stack_base = ABSOLUTE (.)
                [!provide]                        PROVIDE (_alt_partition_onchip_memory2_0_load_addr, LOADADDR (.onchip_memory2_0))

.stab
 *(.stab)

.stabstr
 *(.stabstr)

.stab.excl
 *(.stab.excl)

.stab.exclstr
 *(.stab.exclstr)

.stab.index
 *(.stab.index)

.stab.indexstr
 *(.stab.indexstr)

.comment        0x0000000000000000       0x23
 *(.comment)
 .comment       0x0000000000000000       0x23 obj/default/hello_world.o
                                         0x24 (size before relaxing)
 .comment       0x0000000000000023       0x24 ../MiniProject_bsp/\libhal_bsp.a(alt_load.o)
 .comment       0x0000000000000023       0x24 ../MiniProject_bsp/\libhal_bsp.a(alt_main.o)
 .comment       0x0000000000000023       0x24 ../MiniProject_bsp/\libhal_bsp.a(alt_sys_init.o)
 .comment       0x0000000000000023       0x24 ../MiniProject_bsp/\libhal_bsp.a(altera_avalon_jtag_uart_fd.o)
 .comment       0x0000000000000023       0x24 ../MiniProject_bsp/\libhal_bsp.a(altera_avalon_jtag_uart_init.o)
 .comment       0x0000000000000023       0x24 ../MiniProject_bsp/\libhal_bsp.a(altera_avalon_jtag_uart_ioctl.o)
 .comment       0x0000000000000023       0x24 ../MiniProject_bsp/\libhal_bsp.a(altera_avalon_jtag_uart_read.o)
 .comment       0x0000000000000023       0x24 ../MiniProject_bsp/\libhal_bsp.a(altera_avalon_jtag_uart_write.o)
 .comment       0x0000000000000023       0x24 ../MiniProject_bsp/\libhal_bsp.a(alt_alarm_start.o)
 .comment       0x0000000000000023       0x24 ../MiniProject_bsp/\libhal_bsp.a(alt_close.o)
 .comment       0x0000000000000023       0x24 ../MiniProject_bsp/\libhal_bsp.a(alt_dcache_flush_all.o)
 .comment       0x0000000000000023       0x24 ../MiniProject_bsp/\libhal_bsp.a(alt_dev.o)
 .comment       0x0000000000000023       0x24 ../MiniProject_bsp/\libhal_bsp.a(alt_dev_llist_insert.o)
 .comment       0x0000000000000023       0x24 ../MiniProject_bsp/\libhal_bsp.a(alt_do_ctors.o)
 .comment       0x0000000000000023       0x24 ../MiniProject_bsp/\libhal_bsp.a(alt_do_dtors.o)
 .comment       0x0000000000000023       0x24 ../MiniProject_bsp/\libhal_bsp.a(alt_errno.o)
 .comment       0x0000000000000023       0x24 ../MiniProject_bsp/\libhal_bsp.a(alt_icache_flush_all.o)
 .comment       0x0000000000000023       0x24 ../MiniProject_bsp/\libhal_bsp.a(alt_iic.o)
 .comment       0x0000000000000023       0x24 ../MiniProject_bsp/\libhal_bsp.a(alt_iic_isr_register.o)
 .comment       0x0000000000000023       0x24 ../MiniProject_bsp/\libhal_bsp.a(alt_io_redirect.o)
 .comment       0x0000000000000023       0x24 ../MiniProject_bsp/\libhal_bsp.a(alt_irq_handler.o)
 .comment       0x0000000000000023       0x24 ../MiniProject_bsp/\libhal_bsp.a(alt_irq_vars.o)
 .comment       0x0000000000000023       0x24 ../MiniProject_bsp/\libhal_bsp.a(alt_open.o)
 .comment       0x0000000000000023       0x24 ../MiniProject_bsp/\libhal_bsp.a(alt_release_fd.o)
 .comment       0x0000000000000023       0x24 ../MiniProject_bsp/\libhal_bsp.a(alt_tick.o)
 .comment       0x0000000000000023       0x24 ../MiniProject_bsp/\libhal_bsp.a(altera_nios2_gen2_irq.o)
 .comment       0x0000000000000023       0x24 ../MiniProject_bsp/\libhal_bsp.a(alt_find_dev.o)
 .comment       0x0000000000000023       0x24 ../MiniProject_bsp/\libhal_bsp.a(alt_find_file.o)
 .comment       0x0000000000000023       0x24 ../MiniProject_bsp/\libhal_bsp.a(alt_get_fd.o)
 .comment       0x0000000000000023       0x24 ../MiniProject_bsp/\libhal_bsp.a(alt_icache_flush.o)
 .comment       0x0000000000000023       0x24 ../MiniProject_bsp/\libhal_bsp.a(alt_instruction_exception_entry.o)
 .comment       0x0000000000000023       0x24 c:/intelfpga_lite/18.1/nios2eds/bin/gnu/h-x86_64-mingw32/bin/../lib/gcc/nios2-elf/5.3.0/../../../../../H-x86_64-mingw32/nios2-elf/lib\libc.a(lib_a-atexit.o)
 .comment       0x0000000000000023       0x24 c:/intelfpga_lite/18.1/nios2eds/bin/gnu/h-x86_64-mingw32/bin/../lib/gcc/nios2-elf/5.3.0/../../../../../H-x86_64-mingw32/nios2-elf/lib\libc.a(lib_a-exit.o)
 .comment       0x0000000000000023       0x24 c:/intelfpga_lite/18.1/nios2eds/bin/gnu/h-x86_64-mingw32/bin/../lib/gcc/nios2-elf/5.3.0/../../../../../H-x86_64-mingw32/nios2-elf/lib\libc.a(lib_a-impure.o)
 .comment       0x0000000000000023       0x24 c:/intelfpga_lite/18.1/nios2eds/bin/gnu/h-x86_64-mingw32/bin/../lib/gcc/nios2-elf/5.3.0/../../../../../H-x86_64-mingw32/nios2-elf/lib\libc.a(lib_a-int_errno.o)
 .comment       0x0000000000000023       0x24 c:/intelfpga_lite/18.1/nios2eds/bin/gnu/h-x86_64-mingw32/bin/../lib/gcc/nios2-elf/5.3.0/../../../../../H-x86_64-mingw32/nios2-elf/lib\libc.a(lib_a-memcmp.o)
 .comment       0x0000000000000023       0x24 c:/intelfpga_lite/18.1/nios2eds/bin/gnu/h-x86_64-mingw32/bin/../lib/gcc/nios2-elf/5.3.0/../../../../../H-x86_64-mingw32/nios2-elf/lib\libc.a(lib_a-memcpy.o)
 .comment       0x0000000000000023       0x24 c:/intelfpga_lite/18.1/nios2eds/bin/gnu/h-x86_64-mingw32/bin/../lib/gcc/nios2-elf/5.3.0/../../../../../H-x86_64-mingw32/nios2-elf/lib\libc.a(lib_a-strlen.o)
 .comment       0x0000000000000023       0x24 c:/intelfpga_lite/18.1/nios2eds/bin/gnu/h-x86_64-mingw32/bin/../lib/gcc/nios2-elf/5.3.0/../../../../../H-x86_64-mingw32/nios2-elf/lib\libc.a(lib_a-__atexit.o)
 .comment       0x0000000000000023       0x24 c:/intelfpga_lite/18.1/nios2eds/bin/gnu/h-x86_64-mingw32/bin/../lib/gcc/nios2-elf/5.3.0/../../../../../H-x86_64-mingw32/nios2-elf/lib\libc.a(lib_a-__call_atexit.o)
 .comment       0x0000000000000023       0x24 ../MiniProject_bsp/\libhal_bsp.a(alt_exit.o)

.debug
 *(.debug)

.line
 *(.line)

.debug_srcinfo
 *(.debug_srcinfo)

.debug_sfnames
 *(.debug_sfnames)

.debug_aranges  0x0000000000000000      0x5b8
 *(.debug_aranges)
 .debug_aranges
                0x0000000000000000       0x28 ../MiniProject_bsp//obj/HAL/src/crt0.o
 .debug_aranges
                0x0000000000000028       0x20 obj/default/hello_world.o
 .debug_aranges
                0x0000000000000048       0x20 ../MiniProject_bsp/\libhal_bsp.a(alt_load.o)
 .debug_aranges
                0x0000000000000068       0x20 ../MiniProject_bsp/\libhal_bsp.a(alt_main.o)
 .debug_aranges
                0x0000000000000088       0x20 ../MiniProject_bsp/\libhal_bsp.a(alt_sys_init.o)
 .debug_aranges
                0x00000000000000a8       0x20 ../MiniProject_bsp/\libhal_bsp.a(altera_avalon_jtag_uart_fd.o)
 .debug_aranges
                0x00000000000000c8       0x20 ../MiniProject_bsp/\libhal_bsp.a(altera_avalon_jtag_uart_init.o)
 .debug_aranges
                0x00000000000000e8       0x20 ../MiniProject_bsp/\libhal_bsp.a(altera_avalon_jtag_uart_ioctl.o)
 .debug_aranges
                0x0000000000000108       0x20 ../MiniProject_bsp/\libhal_bsp.a(altera_avalon_jtag_uart_read.o)
 .debug_aranges
                0x0000000000000128       0x20 ../MiniProject_bsp/\libhal_bsp.a(altera_avalon_jtag_uart_write.o)
 .debug_aranges
                0x0000000000000148       0x20 ../MiniProject_bsp/\libhal_bsp.a(alt_alarm_start.o)
 .debug_aranges
                0x0000000000000168       0x20 ../MiniProject_bsp/\libhal_bsp.a(alt_close.o)
 .debug_aranges
                0x0000000000000188       0x20 ../MiniProject_bsp/\libhal_bsp.a(alt_dcache_flush_all.o)
 .debug_aranges
                0x00000000000001a8       0x20 ../MiniProject_bsp/\libhal_bsp.a(alt_dev.o)
 .debug_aranges
                0x00000000000001c8       0x20 ../MiniProject_bsp/\libhal_bsp.a(alt_dev_llist_insert.o)
 .debug_aranges
                0x00000000000001e8       0x20 ../MiniProject_bsp/\libhal_bsp.a(alt_do_ctors.o)
 .debug_aranges
                0x0000000000000208       0x20 ../MiniProject_bsp/\libhal_bsp.a(alt_do_dtors.o)
 .debug_aranges
                0x0000000000000228       0x18 ../MiniProject_bsp/\libhal_bsp.a(alt_errno.o)
 .debug_aranges
                0x0000000000000240       0x20 ../MiniProject_bsp/\libhal_bsp.a(alt_icache_flush_all.o)
 .debug_aranges
                0x0000000000000260       0x20 ../MiniProject_bsp/\libhal_bsp.a(alt_iic.o)
 .debug_aranges
                0x0000000000000280       0x20 ../MiniProject_bsp/\libhal_bsp.a(alt_iic_isr_register.o)
 .debug_aranges
                0x00000000000002a0       0x20 ../MiniProject_bsp/\libhal_bsp.a(alt_io_redirect.o)
 .debug_aranges
                0x00000000000002c0       0x30 ../MiniProject_bsp/\libhal_bsp.a(alt_irq_entry.o)
 .debug_aranges
                0x00000000000002f0       0x20 ../MiniProject_bsp/\libhal_bsp.a(alt_irq_handler.o)
 .debug_aranges
                0x0000000000000310       0x18 ../MiniProject_bsp/\libhal_bsp.a(alt_irq_vars.o)
 .debug_aranges
                0x0000000000000328       0x20 ../MiniProject_bsp/\libhal_bsp.a(alt_open.o)
 .debug_aranges
                0x0000000000000348       0x20 ../MiniProject_bsp/\libhal_bsp.a(alt_release_fd.o)
 .debug_aranges
                0x0000000000000368       0x20 ../MiniProject_bsp/\libhal_bsp.a(alt_tick.o)
 .debug_aranges
                0x0000000000000388       0x20 ../MiniProject_bsp/\libhal_bsp.a(altera_nios2_gen2_irq.o)
 .debug_aranges
                0x00000000000003a8       0x38 ../MiniProject_bsp/\libhal_bsp.a(alt_exception_entry.o)
 .debug_aranges
                0x00000000000003e0       0x20 ../MiniProject_bsp/\libhal_bsp.a(alt_find_dev.o)
 .debug_aranges
                0x0000000000000400       0x20 ../MiniProject_bsp/\libhal_bsp.a(alt_find_file.o)
 .debug_aranges
                0x0000000000000420       0x20 ../MiniProject_bsp/\libhal_bsp.a(alt_get_fd.o)
 .debug_aranges
                0x0000000000000440       0x20 ../MiniProject_bsp/\libhal_bsp.a(alt_icache_flush.o)
 .debug_aranges
                0x0000000000000460       0x28 ../MiniProject_bsp/\libhal_bsp.a(alt_instruction_exception_entry.o)
 .debug_aranges
                0x0000000000000488       0x20 c:/intelfpga_lite/18.1/nios2eds/bin/gnu/h-x86_64-mingw32/bin/../lib/gcc/nios2-elf/5.3.0/../../../../../H-x86_64-mingw32/nios2-elf/lib\libc.a(lib_a-atexit.o)
 .debug_aranges
                0x00000000000004a8       0x20 c:/intelfpga_lite/18.1/nios2eds/bin/gnu/h-x86_64-mingw32/bin/../lib/gcc/nios2-elf/5.3.0/../../../../../H-x86_64-mingw32/nios2-elf/lib\libc.a(lib_a-exit.o)
 .debug_aranges
                0x00000000000004c8       0x18 c:/intelfpga_lite/18.1/nios2eds/bin/gnu/h-x86_64-mingw32/bin/../lib/gcc/nios2-elf/5.3.0/../../../../../H-x86_64-mingw32/nios2-elf/lib\libc.a(lib_a-impure.o)
 .debug_aranges
                0x00000000000004e0       0x18 c:/intelfpga_lite/18.1/nios2eds/bin/gnu/h-x86_64-mingw32/bin/../lib/gcc/nios2-elf/5.3.0/../../../../../H-x86_64-mingw32/nios2-elf/lib\libc.a(lib_a-int_errno.o)
 .debug_aranges
                0x00000000000004f8       0x20 c:/intelfpga_lite/18.1/nios2eds/bin/gnu/h-x86_64-mingw32/bin/../lib/gcc/nios2-elf/5.3.0/../../../../../H-x86_64-mingw32/nios2-elf/lib\libc.a(lib_a-memcmp.o)
 .debug_aranges
                0x0000000000000518       0x20 c:/intelfpga_lite/18.1/nios2eds/bin/gnu/h-x86_64-mingw32/bin/../lib/gcc/nios2-elf/5.3.0/../../../../../H-x86_64-mingw32/nios2-elf/lib\libc.a(lib_a-memcpy.o)
 .debug_aranges
                0x0000000000000538       0x20 c:/intelfpga_lite/18.1/nios2eds/bin/gnu/h-x86_64-mingw32/bin/../lib/gcc/nios2-elf/5.3.0/../../../../../H-x86_64-mingw32/nios2-elf/lib\libc.a(lib_a-strlen.o)
 .debug_aranges
                0x0000000000000558       0x20 c:/intelfpga_lite/18.1/nios2eds/bin/gnu/h-x86_64-mingw32/bin/../lib/gcc/nios2-elf/5.3.0/../../../../../H-x86_64-mingw32/nios2-elf/lib\libc.a(lib_a-__atexit.o)
 .debug_aranges
                0x0000000000000578       0x20 c:/intelfpga_lite/18.1/nios2eds/bin/gnu/h-x86_64-mingw32/bin/../lib/gcc/nios2-elf/5.3.0/../../../../../H-x86_64-mingw32/nios2-elf/lib\libc.a(lib_a-__call_atexit.o)
 .debug_aranges
                0x0000000000000598       0x20 ../MiniProject_bsp/\libhal_bsp.a(alt_exit.o)

.debug_pubnames
 *(.debug_pubnames)

.debug_info     0x0000000000000000     0x760f
 *(.debug_info .gnu.linkonce.wi.*)
 .debug_info    0x0000000000000000       0xa1 ../MiniProject_bsp//obj/HAL/src/crt0.o
 .debug_info    0x00000000000000a1       0xf6 obj/default/hello_world.o
 .debug_info    0x0000000000000197      0x145 ../MiniProject_bsp/\libhal_bsp.a(alt_load.o)
 .debug_info    0x00000000000002dc      0x131 ../MiniProject_bsp/\libhal_bsp.a(alt_main.o)
 .debug_info    0x000000000000040d      0x4c3 ../MiniProject_bsp/\libhal_bsp.a(alt_sys_init.o)
 .debug_info    0x00000000000008d0      0x52e ../MiniProject_bsp/\libhal_bsp.a(altera_avalon_jtag_uart_fd.o)
 .debug_info    0x0000000000000dfe      0x3a0 ../MiniProject_bsp/\libhal_bsp.a(altera_avalon_jtag_uart_init.o)
 .debug_info    0x000000000000119e      0x280 ../MiniProject_bsp/\libhal_bsp.a(altera_avalon_jtag_uart_ioctl.o)
 .debug_info    0x000000000000141e      0x345 ../MiniProject_bsp/\libhal_bsp.a(altera_avalon_jtag_uart_read.o)
 .debug_info    0x0000000000001763      0x340 ../MiniProject_bsp/\libhal_bsp.a(altera_avalon_jtag_uart_write.o)
 .debug_info    0x0000000000001aa3      0x2cc ../MiniProject_bsp/\libhal_bsp.a(alt_alarm_start.o)
 .debug_info    0x0000000000001d6f      0x321 ../MiniProject_bsp/\libhal_bsp.a(alt_close.o)
 .debug_info    0x0000000000002090       0xa5 ../MiniProject_bsp/\libhal_bsp.a(alt_dcache_flush_all.o)
 .debug_info    0x0000000000002135      0x49c ../MiniProject_bsp/\libhal_bsp.a(alt_dev.o)
 .debug_info    0x00000000000025d1      0x1a9 ../MiniProject_bsp/\libhal_bsp.a(alt_dev_llist_insert.o)
 .debug_info    0x000000000000277a       0x83 ../MiniProject_bsp/\libhal_bsp.a(alt_do_ctors.o)
 .debug_info    0x00000000000027fd       0x83 ../MiniProject_bsp/\libhal_bsp.a(alt_do_dtors.o)
 .debug_info    0x0000000000002880       0xa6 ../MiniProject_bsp/\libhal_bsp.a(alt_errno.o)
 .debug_info    0x0000000000002926       0x92 ../MiniProject_bsp/\libhal_bsp.a(alt_icache_flush_all.o)
 .debug_info    0x00000000000029b8      0x350 ../MiniProject_bsp/\libhal_bsp.a(alt_iic.o)
 .debug_info    0x0000000000002d08      0x1ef ../MiniProject_bsp/\libhal_bsp.a(alt_iic_isr_register.o)
 .debug_info    0x0000000000002ef7      0x4a5 ../MiniProject_bsp/\libhal_bsp.a(alt_io_redirect.o)
 .debug_info    0x000000000000339c       0xaa ../MiniProject_bsp/\libhal_bsp.a(alt_irq_entry.o)
 .debug_info    0x0000000000003446      0x187 ../MiniProject_bsp/\libhal_bsp.a(alt_irq_handler.o)
 .debug_info    0x00000000000035cd       0x88 ../MiniProject_bsp/\libhal_bsp.a(alt_irq_vars.o)
 .debug_info    0x0000000000003655      0x3bb ../MiniProject_bsp/\libhal_bsp.a(alt_open.o)
 .debug_info    0x0000000000003a10      0x2b0 ../MiniProject_bsp/\libhal_bsp.a(alt_release_fd.o)
 .debug_info    0x0000000000003cc0      0x299 ../MiniProject_bsp/\libhal_bsp.a(alt_tick.o)
 .debug_info    0x0000000000003f59       0x92 ../MiniProject_bsp/\libhal_bsp.a(altera_nios2_gen2_irq.o)
 .debug_info    0x0000000000003feb       0xb0 ../MiniProject_bsp/\libhal_bsp.a(alt_exception_entry.o)
 .debug_info    0x000000000000409b      0x2e9 ../MiniProject_bsp/\libhal_bsp.a(alt_find_dev.o)
 .debug_info    0x0000000000004384      0x2e6 ../MiniProject_bsp/\libhal_bsp.a(alt_find_file.o)
 .debug_info    0x000000000000466a      0x310 ../MiniProject_bsp/\libhal_bsp.a(alt_get_fd.o)
 .debug_info    0x000000000000497a       0xdc ../MiniProject_bsp/\libhal_bsp.a(alt_icache_flush.o)
 .debug_info    0x0000000000004a56      0x1e7 ../MiniProject_bsp/\libhal_bsp.a(alt_instruction_exception_entry.o)
 .debug_info    0x0000000000004c3d       0xfe c:/intelfpga_lite/18.1/nios2eds/bin/gnu/h-x86_64-mingw32/bin/../lib/gcc/nios2-elf/5.3.0/../../../../../H-x86_64-mingw32/nios2-elf/lib\libc.a(lib_a-atexit.o)
 .debug_info    0x0000000000004d3b      0x8e4 c:/intelfpga_lite/18.1/nios2eds/bin/gnu/h-x86_64-mingw32/bin/../lib/gcc/nios2-elf/5.3.0/../../../../../H-x86_64-mingw32/nios2-elf/lib\libc.a(lib_a-exit.o)
 .debug_info    0x000000000000561f      0x8a1 c:/intelfpga_lite/18.1/nios2eds/bin/gnu/h-x86_64-mingw32/bin/../lib/gcc/nios2-elf/5.3.0/../../../../../H-x86_64-mingw32/nios2-elf/lib\libc.a(lib_a-impure.o)
 .debug_info    0x0000000000005ec0       0x8a c:/intelfpga_lite/18.1/nios2eds/bin/gnu/h-x86_64-mingw32/bin/../lib/gcc/nios2-elf/5.3.0/../../../../../H-x86_64-mingw32/nios2-elf/lib\libc.a(lib_a-int_errno.o)
 .debug_info    0x0000000000005f4a      0x11a c:/intelfpga_lite/18.1/nios2eds/bin/gnu/h-x86_64-mingw32/bin/../lib/gcc/nios2-elf/5.3.0/../../../../../H-x86_64-mingw32/nios2-elf/lib\libc.a(lib_a-memcmp.o)
 .debug_info    0x0000000000006064      0x144 c:/intelfpga_lite/18.1/nios2eds/bin/gnu/h-x86_64-mingw32/bin/../lib/gcc/nios2-elf/5.3.0/../../../../../H-x86_64-mingw32/nios2-elf/lib\libc.a(lib_a-memcpy.o)
 .debug_info    0x00000000000061a8       0xe2 c:/intelfpga_lite/18.1/nios2eds/bin/gnu/h-x86_64-mingw32/bin/../lib/gcc/nios2-elf/5.3.0/../../../../../H-x86_64-mingw32/nios2-elf/lib\libc.a(lib_a-strlen.o)
 .debug_info    0x000000000000628a      0x934 c:/intelfpga_lite/18.1/nios2eds/bin/gnu/h-x86_64-mingw32/bin/../lib/gcc/nios2-elf/5.3.0/../../../../../H-x86_64-mingw32/nios2-elf/lib\libc.a(lib_a-__atexit.o)
 .debug_info    0x0000000000006bbe      0x965 c:/intelfpga_lite/18.1/nios2eds/bin/gnu/h-x86_64-mingw32/bin/../lib/gcc/nios2-elf/5.3.0/../../../../../H-x86_64-mingw32/nios2-elf/lib\libc.a(lib_a-__call_atexit.o)
 .debug_info    0x0000000000007523       0xec ../MiniProject_bsp/\libhal_bsp.a(alt_exit.o)

.debug_abbrev   0x0000000000000000     0x294c
 *(.debug_abbrev)
 .debug_abbrev  0x0000000000000000       0x12 ../MiniProject_bsp//obj/HAL/src/crt0.o
 .debug_abbrev  0x0000000000000012       0x63 obj/default/hello_world.o
 .debug_abbrev  0x0000000000000075       0x9f ../MiniProject_bsp/\libhal_bsp.a(alt_load.o)
 .debug_abbrev  0x0000000000000114       0xba ../MiniProject_bsp/\libhal_bsp.a(alt_main.o)
 .debug_abbrev  0x00000000000001ce      0x187 ../MiniProject_bsp/\libhal_bsp.a(alt_sys_init.o)
 .debug_abbrev  0x0000000000000355      0x127 ../MiniProject_bsp/\libhal_bsp.a(altera_avalon_jtag_uart_fd.o)
 .debug_abbrev  0x000000000000047c      0x19e ../MiniProject_bsp/\libhal_bsp.a(altera_avalon_jtag_uart_init.o)
 .debug_abbrev  0x000000000000061a      0x111 ../MiniProject_bsp/\libhal_bsp.a(altera_avalon_jtag_uart_ioctl.o)
 .debug_abbrev  0x000000000000072b      0x1aa ../MiniProject_bsp/\libhal_bsp.a(altera_avalon_jtag_uart_read.o)
 .debug_abbrev  0x00000000000008d5      0x1a8 ../MiniProject_bsp/\libhal_bsp.a(altera_avalon_jtag_uart_write.o)
 .debug_abbrev  0x0000000000000a7d      0x162 ../MiniProject_bsp/\libhal_bsp.a(alt_alarm_start.o)
 .debug_abbrev  0x0000000000000bdf      0x11f ../MiniProject_bsp/\libhal_bsp.a(alt_close.o)
 .debug_abbrev  0x0000000000000cfe       0x5a ../MiniProject_bsp/\libhal_bsp.a(alt_dcache_flush_all.o)
 .debug_abbrev  0x0000000000000d58       0xd9 ../MiniProject_bsp/\libhal_bsp.a(alt_dev.o)
 .debug_abbrev  0x0000000000000e31      0x114 ../MiniProject_bsp/\libhal_bsp.a(alt_dev_llist_insert.o)
 .debug_abbrev  0x0000000000000f45       0x79 ../MiniProject_bsp/\libhal_bsp.a(alt_do_ctors.o)
 .debug_abbrev  0x0000000000000fbe       0x79 ../MiniProject_bsp/\libhal_bsp.a(alt_do_dtors.o)
 .debug_abbrev  0x0000000000001037       0x5a ../MiniProject_bsp/\libhal_bsp.a(alt_errno.o)
 .debug_abbrev  0x0000000000001091       0x42 ../MiniProject_bsp/\libhal_bsp.a(alt_icache_flush_all.o)
 .debug_abbrev  0x00000000000010d3      0x163 ../MiniProject_bsp/\libhal_bsp.a(alt_iic.o)
 .debug_abbrev  0x0000000000001236      0x169 ../MiniProject_bsp/\libhal_bsp.a(alt_iic_isr_register.o)
 .debug_abbrev  0x000000000000139f      0x114 ../MiniProject_bsp/\libhal_bsp.a(alt_io_redirect.o)
 .debug_abbrev  0x00000000000014b3       0x12 ../MiniProject_bsp/\libhal_bsp.a(alt_irq_entry.o)
 .debug_abbrev  0x00000000000014c5      0x122 ../MiniProject_bsp/\libhal_bsp.a(alt_irq_handler.o)
 .debug_abbrev  0x00000000000015e7       0x40 ../MiniProject_bsp/\libhal_bsp.a(alt_irq_vars.o)
 .debug_abbrev  0x0000000000001627      0x148 ../MiniProject_bsp/\libhal_bsp.a(alt_open.o)
 .debug_abbrev  0x000000000000176f       0xde ../MiniProject_bsp/\libhal_bsp.a(alt_release_fd.o)
 .debug_abbrev  0x000000000000184d      0x15a ../MiniProject_bsp/\libhal_bsp.a(alt_tick.o)
 .debug_abbrev  0x00000000000019a7       0x42 ../MiniProject_bsp/\libhal_bsp.a(altera_nios2_gen2_irq.o)
 .debug_abbrev  0x00000000000019e9       0x12 ../MiniProject_bsp/\libhal_bsp.a(alt_exception_entry.o)
 .debug_abbrev  0x00000000000019fb       0xf0 ../MiniProject_bsp/\libhal_bsp.a(alt_find_dev.o)
 .debug_abbrev  0x0000000000001aeb       0xf0 ../MiniProject_bsp/\libhal_bsp.a(alt_find_file.o)
 .debug_abbrev  0x0000000000001bdb      0x10d ../MiniProject_bsp/\libhal_bsp.a(alt_get_fd.o)
 .debug_abbrev  0x0000000000001ce8       0x8c ../MiniProject_bsp/\libhal_bsp.a(alt_icache_flush.o)
 .debug_abbrev  0x0000000000001d74       0xdc ../MiniProject_bsp/\libhal_bsp.a(alt_instruction_exception_entry.o)
 .debug_abbrev  0x0000000000001e50       0xaa c:/intelfpga_lite/18.1/nios2eds/bin/gnu/h-x86_64-mingw32/bin/../lib/gcc/nios2-elf/5.3.0/../../../../../H-x86_64-mingw32/nios2-elf/lib\libc.a(lib_a-atexit.o)
 .debug_abbrev  0x0000000000001efa      0x1e5 c:/intelfpga_lite/18.1/nios2eds/bin/gnu/h-x86_64-mingw32/bin/../lib/gcc/nios2-elf/5.3.0/../../../../../H-x86_64-mingw32/nios2-elf/lib\libc.a(lib_a-exit.o)
 .debug_abbrev  0x00000000000020df      0x18f c:/intelfpga_lite/18.1/nios2eds/bin/gnu/h-x86_64-mingw32/bin/../lib/gcc/nios2-elf/5.3.0/../../../../../H-x86_64-mingw32/nios2-elf/lib\libc.a(lib_a-impure.o)
 .debug_abbrev  0x000000000000226e       0x37 c:/intelfpga_lite/18.1/nios2eds/bin/gnu/h-x86_64-mingw32/bin/../lib/gcc/nios2-elf/5.3.0/../../../../../H-x86_64-mingw32/nios2-elf/lib\libc.a(lib_a-int_errno.o)
 .debug_abbrev  0x00000000000022a5       0x7f c:/intelfpga_lite/18.1/nios2eds/bin/gnu/h-x86_64-mingw32/bin/../lib/gcc/nios2-elf/5.3.0/../../../../../H-x86_64-mingw32/nios2-elf/lib\libc.a(lib_a-memcmp.o)
 .debug_abbrev  0x0000000000002324       0xa3 c:/intelfpga_lite/18.1/nios2eds/bin/gnu/h-x86_64-mingw32/bin/../lib/gcc/nios2-elf/5.3.0/../../../../../H-x86_64-mingw32/nios2-elf/lib\libc.a(lib_a-memcpy.o)
 .debug_abbrev  0x00000000000023c7       0x90 c:/intelfpga_lite/18.1/nios2eds/bin/gnu/h-x86_64-mingw32/bin/../lib/gcc/nios2-elf/5.3.0/../../../../../H-x86_64-mingw32/nios2-elf/lib\libc.a(lib_a-strlen.o)
 .debug_abbrev  0x0000000000002457      0x21e c:/intelfpga_lite/18.1/nios2eds/bin/gnu/h-x86_64-mingw32/bin/../lib/gcc/nios2-elf/5.3.0/../../../../../H-x86_64-mingw32/nios2-elf/lib\libc.a(lib_a-__atexit.o)
 .debug_abbrev  0x0000000000002675      0x22e c:/intelfpga_lite/18.1/nios2eds/bin/gnu/h-x86_64-mingw32/bin/../lib/gcc/nios2-elf/5.3.0/../../../../../H-x86_64-mingw32/nios2-elf/lib\libc.a(lib_a-__call_atexit.o)
 .debug_abbrev  0x00000000000028a3       0xa9 ../MiniProject_bsp/\libhal_bsp.a(alt_exit.o)

.debug_line     0x0000000000000000     0x294e
 *(.debug_line)
 .debug_line    0x0000000000000000       0x72 ../MiniProject_bsp//obj/HAL/src/crt0.o
 .debug_line    0x0000000000000072       0x41 obj/default/hello_world.o
 .debug_line    0x00000000000000b3       0x8e ../MiniProject_bsp/\libhal_bsp.a(alt_load.o)
 .debug_line    0x0000000000000141       0xa4 ../MiniProject_bsp/\libhal_bsp.a(alt_main.o)
 .debug_line    0x00000000000001e5      0x136 ../MiniProject_bsp/\libhal_bsp.a(alt_sys_init.o)
 .debug_line    0x000000000000031b      0x12f ../MiniProject_bsp/\libhal_bsp.a(altera_avalon_jtag_uart_fd.o)
 .debug_line    0x000000000000044a      0x18b ../MiniProject_bsp/\libhal_bsp.a(altera_avalon_jtag_uart_init.o)
 .debug_line    0x00000000000005d5      0x131 ../MiniProject_bsp/\libhal_bsp.a(altera_avalon_jtag_uart_ioctl.o)
 .debug_line    0x0000000000000706      0x171 ../MiniProject_bsp/\libhal_bsp.a(altera_avalon_jtag_uart_read.o)
 .debug_line    0x0000000000000877      0x170 ../MiniProject_bsp/\libhal_bsp.a(altera_avalon_jtag_uart_write.o)
 .debug_line    0x00000000000009e7       0xf9 ../MiniProject_bsp/\libhal_bsp.a(alt_alarm_start.o)
 .debug_line    0x0000000000000ae0      0x165 ../MiniProject_bsp/\libhal_bsp.a(alt_close.o)
 .debug_line    0x0000000000000c45       0x61 ../MiniProject_bsp/\libhal_bsp.a(alt_dcache_flush_all.o)
 .debug_line    0x0000000000000ca6       0xf8 ../MiniProject_bsp/\libhal_bsp.a(alt_dev.o)
 .debug_line    0x0000000000000d9e       0xcf ../MiniProject_bsp/\libhal_bsp.a(alt_dev_llist_insert.o)
 .debug_line    0x0000000000000e6d       0x59 ../MiniProject_bsp/\libhal_bsp.a(alt_do_ctors.o)
 .debug_line    0x0000000000000ec6       0x59 ../MiniProject_bsp/\libhal_bsp.a(alt_do_dtors.o)
 .debug_line    0x0000000000000f1f       0x51 ../MiniProject_bsp/\libhal_bsp.a(alt_errno.o)
 .debug_line    0x0000000000000f70       0x50 ../MiniProject_bsp/\libhal_bsp.a(alt_icache_flush_all.o)
 .debug_line    0x0000000000000fc0       0xeb ../MiniProject_bsp/\libhal_bsp.a(alt_iic.o)
 .debug_line    0x00000000000010ab       0xdb ../MiniProject_bsp/\libhal_bsp.a(alt_iic_isr_register.o)
 .debug_line    0x0000000000001186      0x133 ../MiniProject_bsp/\libhal_bsp.a(alt_io_redirect.o)
 .debug_line    0x00000000000012b9       0x6b ../MiniProject_bsp/\libhal_bsp.a(alt_irq_entry.o)
 .debug_line    0x0000000000001324       0xaa ../MiniProject_bsp/\libhal_bsp.a(alt_irq_handler.o)
 .debug_line    0x00000000000013ce       0x50 ../MiniProject_bsp/\libhal_bsp.a(alt_irq_vars.o)
 .debug_line    0x000000000000141e      0x128 ../MiniProject_bsp/\libhal_bsp.a(alt_open.o)
 .debug_line    0x0000000000001546       0xae ../MiniProject_bsp/\libhal_bsp.a(alt_release_fd.o)
 .debug_line    0x00000000000015f4       0xff ../MiniProject_bsp/\libhal_bsp.a(alt_tick.o)
 .debug_line    0x00000000000016f3       0x51 ../MiniProject_bsp/\libhal_bsp.a(altera_nios2_gen2_irq.o)
 .debug_line    0x0000000000001744       0xb3 ../MiniProject_bsp/\libhal_bsp.a(alt_exception_entry.o)
 .debug_line    0x00000000000017f7       0xb5 ../MiniProject_bsp/\libhal_bsp.a(alt_find_dev.o)
 .debug_line    0x00000000000018ac       0xd1 ../MiniProject_bsp/\libhal_bsp.a(alt_find_file.o)
 .debug_line    0x000000000000197d       0xd4 ../MiniProject_bsp/\libhal_bsp.a(alt_get_fd.o)
 .debug_line    0x0000000000001a51       0x81 ../MiniProject_bsp/\libhal_bsp.a(alt_icache_flush.o)
 .debug_line    0x0000000000001ad2       0xba ../MiniProject_bsp/\libhal_bsp.a(alt_instruction_exception_entry.o)
 .debug_line    0x0000000000001b8c       0xe4 c:/intelfpga_lite/18.1/nios2eds/bin/gnu/h-x86_64-mingw32/bin/../lib/gcc/nios2-elf/5.3.0/../../../../../H-x86_64-mingw32/nios2-elf/lib\libc.a(lib_a-atexit.o)
 .debug_line    0x0000000000001c70      0x1f9 c:/intelfpga_lite/18.1/nios2eds/bin/gnu/h-x86_64-mingw32/bin/../lib/gcc/nios2-elf/5.3.0/../../../../../H-x86_64-mingw32/nios2-elf/lib\libc.a(lib_a-exit.o)
 .debug_line    0x0000000000001e69      0x15d c:/intelfpga_lite/18.1/nios2eds/bin/gnu/h-x86_64-mingw32/bin/../lib/gcc/nios2-elf/5.3.0/../../../../../H-x86_64-mingw32/nios2-elf/lib\libc.a(lib_a-impure.o)
 .debug_line    0x0000000000001fc6       0x5c c:/intelfpga_lite/18.1/nios2eds/bin/gnu/h-x86_64-mingw32/bin/../lib/gcc/nios2-elf/5.3.0/../../../../../H-x86_64-mingw32/nios2-elf/lib\libc.a(lib_a-int_errno.o)
 .debug_line    0x0000000000002022      0x173 c:/intelfpga_lite/18.1/nios2eds/bin/gnu/h-x86_64-mingw32/bin/../lib/gcc/nios2-elf/5.3.0/../../../../../H-x86_64-mingw32/nios2-elf/lib\libc.a(lib_a-memcmp.o)
 .debug_line    0x0000000000002195      0x189 c:/intelfpga_lite/18.1/nios2eds/bin/gnu/h-x86_64-mingw32/bin/../lib/gcc/nios2-elf/5.3.0/../../../../../H-x86_64-mingw32/nios2-elf/lib\libc.a(lib_a-memcpy.o)
 .debug_line    0x000000000000231e      0x16c c:/intelfpga_lite/18.1/nios2eds/bin/gnu/h-x86_64-mingw32/bin/../lib/gcc/nios2-elf/5.3.0/../../../../../H-x86_64-mingw32/nios2-elf/lib\libc.a(lib_a-strlen.o)
 .debug_line    0x000000000000248a      0x21c c:/intelfpga_lite/18.1/nios2eds/bin/gnu/h-x86_64-mingw32/bin/../lib/gcc/nios2-elf/5.3.0/../../../../../H-x86_64-mingw32/nios2-elf/lib\libc.a(lib_a-__atexit.o)
 .debug_line    0x00000000000026a6      0x237 c:/intelfpga_lite/18.1/nios2eds/bin/gnu/h-x86_64-mingw32/bin/../lib/gcc/nios2-elf/5.3.0/../../../../../H-x86_64-mingw32/nios2-elf/lib\libc.a(lib_a-__call_atexit.o)
 .debug_line    0x00000000000028dd       0x71 ../MiniProject_bsp/\libhal_bsp.a(alt_exit.o)

.debug_frame    0x0000000000000000      0xaa8
 *(.debug_frame)
 .debug_frame   0x0000000000000000       0x34 obj/default/hello_world.o
 .debug_frame   0x0000000000000034       0x5c ../MiniProject_bsp/\libhal_bsp.a(alt_load.o)
 .debug_frame   0x0000000000000090       0x2c ../MiniProject_bsp/\libhal_bsp.a(alt_main.o)
 .debug_frame   0x00000000000000bc       0x88 ../MiniProject_bsp/\libhal_bsp.a(alt_sys_init.o)
 .debug_frame   0x0000000000000144       0xb0 ../MiniProject_bsp/\libhal_bsp.a(altera_avalon_jtag_uart_fd.o)
 .debug_frame   0x00000000000001f4       0xa4 ../MiniProject_bsp/\libhal_bsp.a(altera_avalon_jtag_uart_init.o)
 .debug_frame   0x0000000000000298       0x34 ../MiniProject_bsp/\libhal_bsp.a(altera_avalon_jtag_uart_ioctl.o)
 .debug_frame   0x00000000000002cc       0x38 ../MiniProject_bsp/\libhal_bsp.a(altera_avalon_jtag_uart_read.o)
 .debug_frame   0x0000000000000304       0x38 ../MiniProject_bsp/\libhal_bsp.a(altera_avalon_jtag_uart_write.o)
 .debug_frame   0x000000000000033c       0x34 ../MiniProject_bsp/\libhal_bsp.a(alt_alarm_start.o)
 .debug_frame   0x0000000000000370       0x60 ../MiniProject_bsp/\libhal_bsp.a(alt_close.o)
 .debug_frame   0x00000000000003d0       0x34 ../MiniProject_bsp/\libhal_bsp.a(alt_dcache_flush_all.o)
 .debug_frame   0x0000000000000404       0x34 ../MiniProject_bsp/\libhal_bsp.a(alt_dev.o)
 .debug_frame   0x0000000000000438       0x60 ../MiniProject_bsp/\libhal_bsp.a(alt_dev_llist_insert.o)
 .debug_frame   0x0000000000000498       0x38 ../MiniProject_bsp/\libhal_bsp.a(alt_do_ctors.o)
 .debug_frame   0x00000000000004d0       0x38 ../MiniProject_bsp/\libhal_bsp.a(alt_do_dtors.o)
 .debug_frame   0x0000000000000508       0x38 ../MiniProject_bsp/\libhal_bsp.a(alt_icache_flush_all.o)
 .debug_frame   0x0000000000000540       0xa4 ../MiniProject_bsp/\libhal_bsp.a(alt_iic.o)
 .debug_frame   0x00000000000005e4       0x38 ../MiniProject_bsp/\libhal_bsp.a(alt_iic_isr_register.o)
 .debug_frame   0x000000000000061c       0x60 ../MiniProject_bsp/\libhal_bsp.a(alt_io_redirect.o)
 .debug_frame   0x000000000000067c       0x38 ../MiniProject_bsp/\libhal_bsp.a(alt_irq_handler.o)
 .debug_frame   0x00000000000006b4       0x84 ../MiniProject_bsp/\libhal_bsp.a(alt_open.o)
 .debug_frame   0x0000000000000738       0x34 ../MiniProject_bsp/\libhal_bsp.a(alt_release_fd.o)
 .debug_frame   0x000000000000076c       0x5c ../MiniProject_bsp/\libhal_bsp.a(alt_tick.o)
 .debug_frame   0x00000000000007c8       0x34 ../MiniProject_bsp/\libhal_bsp.a(altera_nios2_gen2_irq.o)
 .debug_frame   0x00000000000007fc       0x38 ../MiniProject_bsp/\libhal_bsp.a(alt_find_dev.o)
 .debug_frame   0x0000000000000834       0x38 ../MiniProject_bsp/\libhal_bsp.a(alt_find_file.o)
 .debug_frame   0x000000000000086c       0x34 ../MiniProject_bsp/\libhal_bsp.a(alt_get_fd.o)
 .debug_frame   0x00000000000008a0       0x34 ../MiniProject_bsp/\libhal_bsp.a(alt_icache_flush.o)
 .debug_frame   0x00000000000008d4       0x5c ../MiniProject_bsp/\libhal_bsp.a(alt_instruction_exception_entry.o)
 .debug_frame   0x0000000000000930       0x20 c:/intelfpga_lite/18.1/nios2eds/bin/gnu/h-x86_64-mingw32/bin/../lib/gcc/nios2-elf/5.3.0/../../../../../H-x86_64-mingw32/nios2-elf/lib\libc.a(lib_a-atexit.o)
 .debug_frame   0x0000000000000950       0x28 c:/intelfpga_lite/18.1/nios2eds/bin/gnu/h-x86_64-mingw32/bin/../lib/gcc/nios2-elf/5.3.0/../../../../../H-x86_64-mingw32/nios2-elf/lib\libc.a(lib_a-exit.o)
 .debug_frame   0x0000000000000978       0x20 c:/intelfpga_lite/18.1/nios2eds/bin/gnu/h-x86_64-mingw32/bin/../lib/gcc/nios2-elf/5.3.0/../../../../../H-x86_64-mingw32/nios2-elf/lib\libc.a(lib_a-memcmp.o)
 .debug_frame   0x0000000000000998       0x38 c:/intelfpga_lite/18.1/nios2eds/bin/gnu/h-x86_64-mingw32/bin/../lib/gcc/nios2-elf/5.3.0/../../../../../H-x86_64-mingw32/nios2-elf/lib\libc.a(lib_a-memcpy.o)
 .debug_frame   0x00000000000009d0       0x20 c:/intelfpga_lite/18.1/nios2eds/bin/gnu/h-x86_64-mingw32/bin/../lib/gcc/nios2-elf/5.3.0/../../../../../H-x86_64-mingw32/nios2-elf/lib\libc.a(lib_a-strlen.o)
 .debug_frame   0x00000000000009f0       0x38 c:/intelfpga_lite/18.1/nios2eds/bin/gnu/h-x86_64-mingw32/bin/../lib/gcc/nios2-elf/5.3.0/../../../../../H-x86_64-mingw32/nios2-elf/lib\libc.a(lib_a-__atexit.o)
 .debug_frame   0x0000000000000a28       0x54 c:/intelfpga_lite/18.1/nios2eds/bin/gnu/h-x86_64-mingw32/bin/../lib/gcc/nios2-elf/5.3.0/../../../../../H-x86_64-mingw32/nios2-elf/lib\libc.a(lib_a-__call_atexit.o)
 .debug_frame   0x0000000000000a7c       0x2c ../MiniProject_bsp/\libhal_bsp.a(alt_exit.o)

.debug_str      0x0000000000000000     0x1a81
 *(.debug_str)
 .debug_str     0x0000000000000000      0x14d obj/default/hello_world.o
                                        0x18b (size before relaxing)
 .debug_str     0x000000000000014d      0x15e ../MiniProject_bsp/\libhal_bsp.a(alt_load.o)
                                        0x242 (size before relaxing)
 .debug_str     0x00000000000002ab       0x70 ../MiniProject_bsp/\libhal_bsp.a(alt_main.o)
                                        0x1cd (size before relaxing)
 .debug_str     0x000000000000031b      0x1a2 ../MiniProject_bsp/\libhal_bsp.a(alt_sys_init.o)
                                        0x388 (size before relaxing)
 .debug_str     0x00000000000004bd       0xb9 ../MiniProject_bsp/\libhal_bsp.a(altera_avalon_jtag_uart_fd.o)
                                        0x3d4 (size before relaxing)
 .debug_str     0x0000000000000576       0xd1 ../MiniProject_bsp/\libhal_bsp.a(altera_avalon_jtag_uart_init.o)
                                        0x368 (size before relaxing)
 .debug_str     0x0000000000000647       0x4a ../MiniProject_bsp/\libhal_bsp.a(altera_avalon_jtag_uart_ioctl.o)
                                        0x2c3 (size before relaxing)
 .debug_str     0x0000000000000691       0x7f ../MiniProject_bsp/\libhal_bsp.a(altera_avalon_jtag_uart_read.o)
                                        0x318 (size before relaxing)
 .debug_str     0x0000000000000710       0x4a ../MiniProject_bsp/\libhal_bsp.a(altera_avalon_jtag_uart_write.o)
                                        0x319 (size before relaxing)
 .debug_str     0x000000000000075a       0x59 ../MiniProject_bsp/\libhal_bsp.a(alt_alarm_start.o)
                                        0x2ae (size before relaxing)
 .debug_str     0x00000000000007b3       0x44 ../MiniProject_bsp/\libhal_bsp.a(alt_close.o)
                                        0x23b (size before relaxing)
 .debug_str     0x00000000000007f7       0x34 ../MiniProject_bsp/\libhal_bsp.a(alt_dcache_flush_all.o)
                                        0x185 (size before relaxing)
 .debug_str     0x000000000000082b      0x120 ../MiniProject_bsp/\libhal_bsp.a(alt_dev.o)
                                        0x335 (size before relaxing)
 .debug_str     0x000000000000094b       0x34 ../MiniProject_bsp/\libhal_bsp.a(alt_dev_llist_insert.o)
                                        0x1fc (size before relaxing)
 .debug_str     0x000000000000097f       0x48 ../MiniProject_bsp/\libhal_bsp.a(alt_do_ctors.o)
                                        0x100 (size before relaxing)
 .debug_str     0x00000000000009c7       0x4c ../MiniProject_bsp/\libhal_bsp.a(alt_do_dtors.o)
                                         0xff (size before relaxing)
 .debug_str     0x0000000000000a13       0x14 ../MiniProject_bsp/\libhal_bsp.a(alt_errno.o)
                                        0x175 (size before relaxing)
 .debug_str     0x0000000000000a27       0x34 ../MiniProject_bsp/\libhal_bsp.a(alt_icache_flush_all.o)
                                        0x185 (size before relaxing)
 .debug_str     0x0000000000000a5b       0xc4 ../MiniProject_bsp/\libhal_bsp.a(alt_iic.o)
                                        0x26e (size before relaxing)
 .debug_str     0x0000000000000b1f       0x4c ../MiniProject_bsp/\libhal_bsp.a(alt_iic_isr_register.o)
                                        0x218 (size before relaxing)
 .debug_str     0x0000000000000b6b       0x56 ../MiniProject_bsp/\libhal_bsp.a(alt_io_redirect.o)
                                        0x346 (size before relaxing)
 .debug_str     0x0000000000000bc1       0x3a ../MiniProject_bsp/\libhal_bsp.a(alt_irq_handler.o)
                                        0x1c7 (size before relaxing)
 .debug_str     0x0000000000000bfb       0x17 ../MiniProject_bsp/\libhal_bsp.a(alt_irq_vars.o)
                                        0x16a (size before relaxing)
 .debug_str     0x0000000000000c12       0x2f ../MiniProject_bsp/\libhal_bsp.a(alt_open.o)
                                        0x27b (size before relaxing)
 .debug_str     0x0000000000000c41       0x28 ../MiniProject_bsp/\libhal_bsp.a(alt_release_fd.o)
                                        0x203 (size before relaxing)
 .debug_str     0x0000000000000c69       0x4a ../MiniProject_bsp/\libhal_bsp.a(alt_tick.o)
                                        0x282 (size before relaxing)
 .debug_str     0x0000000000000cb3       0x3b ../MiniProject_bsp/\libhal_bsp.a(altera_nios2_gen2_irq.o)
                                        0x18c (size before relaxing)
 .debug_str     0x0000000000000cee       0x24 ../MiniProject_bsp/\libhal_bsp.a(alt_find_dev.o)
                                        0x21c (size before relaxing)
 .debug_str     0x0000000000000d12       0x26 ../MiniProject_bsp/\libhal_bsp.a(alt_find_file.o)
                                        0x22a (size before relaxing)
 .debug_str     0x0000000000000d38       0x30 ../MiniProject_bsp/\libhal_bsp.a(alt_get_fd.o)
                                        0x24c (size before relaxing)
 .debug_str     0x0000000000000d68       0x2c ../MiniProject_bsp/\libhal_bsp.a(alt_icache_flush.o)
                                        0x18b (size before relaxing)
 .debug_str     0x0000000000000d94      0x48b ../MiniProject_bsp/\libhal_bsp.a(alt_instruction_exception_entry.o)
                                        0x5d0 (size before relaxing)
 .debug_str     0x000000000000121f      0x162 c:/intelfpga_lite/18.1/nios2eds/bin/gnu/h-x86_64-mingw32/bin/../lib/gcc/nios2-elf/5.3.0/../../../../../H-x86_64-mingw32/nios2-elf/lib\libc.a(lib_a-atexit.o)
                                        0x207 (size before relaxing)
 .debug_str     0x0000000000001381      0x3b2 c:/intelfpga_lite/18.1/nios2eds/bin/gnu/h-x86_64-mingw32/bin/../lib/gcc/nios2-elf/5.3.0/../../../../../H-x86_64-mingw32/nios2-elf/lib\libc.a(lib_a-exit.o)
                                        0x5a4 (size before relaxing)
 .debug_str     0x0000000000001733       0xc8 c:/intelfpga_lite/18.1/nios2eds/bin/gnu/h-x86_64-mingw32/bin/../lib/gcc/nios2-elf/5.3.0/../../../../../H-x86_64-mingw32/nios2-elf/lib\libc.a(lib_a-impure.o)
                                        0x59b (size before relaxing)
 .debug_str     0x00000000000017fb       0x3c c:/intelfpga_lite/18.1/nios2eds/bin/gnu/h-x86_64-mingw32/bin/../lib/gcc/nios2-elf/5.3.0/../../../../../H-x86_64-mingw32/nios2-elf/lib\libc.a(lib_a-int_errno.o)
                                        0x1c3 (size before relaxing)
 .debug_str     0x0000000000001837       0xcc c:/intelfpga_lite/18.1/nios2eds/bin/gnu/h-x86_64-mingw32/bin/../lib/gcc/nios2-elf/5.3.0/../../../../../H-x86_64-mingw32/nios2-elf/lib\libc.a(lib_a-memcmp.o)
                                        0x1ca (size before relaxing)
 .debug_str     0x0000000000001903       0x68 c:/intelfpga_lite/18.1/nios2eds/bin/gnu/h-x86_64-mingw32/bin/../lib/gcc/nios2-elf/5.3.0/../../../../../H-x86_64-mingw32/nios2-elf/lib\libc.a(lib_a-memcpy.o)
                                        0x1f1 (size before relaxing)
 .debug_str     0x000000000000196b       0x4e c:/intelfpga_lite/18.1/nios2eds/bin/gnu/h-x86_64-mingw32/bin/../lib/gcc/nios2-elf/5.3.0/../../../../../H-x86_64-mingw32/nios2-elf/lib\libc.a(lib_a-strlen.o)
                                        0x1dd (size before relaxing)
 .debug_str     0x00000000000019b9       0x3c c:/intelfpga_lite/18.1/nios2eds/bin/gnu/h-x86_64-mingw32/bin/../lib/gcc/nios2-elf/5.3.0/../../../../../H-x86_64-mingw32/nios2-elf/lib\libc.a(lib_a-__atexit.o)
                                        0x5dc (size before relaxing)
 .debug_str     0x00000000000019f5       0x62 c:/intelfpga_lite/18.1/nios2eds/bin/gnu/h-x86_64-mingw32/bin/../lib/gcc/nios2-elf/5.3.0/../../../../../H-x86_64-mingw32/nios2-elf/lib\libc.a(lib_a-__call_atexit.o)
                                        0x5c8 (size before relaxing)
 .debug_str     0x0000000000001a57       0x2a ../MiniProject_bsp/\libhal_bsp.a(alt_exit.o)
                                        0x181 (size before relaxing)

.debug_loc      0x0000000000000000      0x770
 *(.debug_loc)
 .debug_loc     0x0000000000000000       0x2c c:/intelfpga_lite/18.1/nios2eds/bin/gnu/h-x86_64-mingw32/bin/../lib/gcc/nios2-elf/5.3.0/../../../../../H-x86_64-mingw32/nios2-elf/lib\libc.a(lib_a-atexit.o)
 .debug_loc     0x000000000000002c       0x1e c:/intelfpga_lite/18.1/nios2eds/bin/gnu/h-x86_64-mingw32/bin/../lib/gcc/nios2-elf/5.3.0/../../../../../H-x86_64-mingw32/nios2-elf/lib\libc.a(lib_a-exit.o)
 .debug_loc     0x000000000000004a      0x126 c:/intelfpga_lite/18.1/nios2eds/bin/gnu/h-x86_64-mingw32/bin/../lib/gcc/nios2-elf/5.3.0/../../../../../H-x86_64-mingw32/nios2-elf/lib\libc.a(lib_a-memcmp.o)
 .debug_loc     0x0000000000000170      0x266 c:/intelfpga_lite/18.1/nios2eds/bin/gnu/h-x86_64-mingw32/bin/../lib/gcc/nios2-elf/5.3.0/../../../../../H-x86_64-mingw32/nios2-elf/lib\libc.a(lib_a-memcpy.o)
 .debug_loc     0x00000000000003d6       0x47 c:/intelfpga_lite/18.1/nios2eds/bin/gnu/h-x86_64-mingw32/bin/../lib/gcc/nios2-elf/5.3.0/../../../../../H-x86_64-mingw32/nios2-elf/lib\libc.a(lib_a-strlen.o)
 .debug_loc     0x000000000000041d      0x185 c:/intelfpga_lite/18.1/nios2eds/bin/gnu/h-x86_64-mingw32/bin/../lib/gcc/nios2-elf/5.3.0/../../../../../H-x86_64-mingw32/nios2-elf/lib\libc.a(lib_a-__atexit.o)
 .debug_loc     0x00000000000005a2      0x1ce c:/intelfpga_lite/18.1/nios2eds/bin/gnu/h-x86_64-mingw32/bin/../lib/gcc/nios2-elf/5.3.0/../../../../../H-x86_64-mingw32/nios2-elf/lib\libc.a(lib_a-__call_atexit.o)

.debug_macinfo
 *(.debug_macinfo)

.debug_weaknames
 *(.debug_weaknames)

.debug_funcnames
 *(.debug_funcnames)

.debug_typenames
 *(.debug_typenames)

.debug_varnames
 *(.debug_varnames)

.debug_alt_sim_info
                0x0000000000000000       0x30
 *(.debug_alt_sim_info)
 .debug_alt_sim_info
                0x0000000000000000       0x30 ../MiniProject_bsp//obj/HAL/src/crt0.o
                0x0000000000019000                __alt_data_end = 0x19000
                0x0000000000019000                PROVIDE (__alt_stack_pointer, __alt_data_end)
                [!provide]                        PROVIDE (__alt_stack_limit, __alt_stack_base)
                [!provide]                        PROVIDE (__alt_heap_start, end)
                [!provide]                        PROVIDE (__alt_heap_limit, 0x19000)
OUTPUT(MiniProject.elf elf32-littlenios2)

.debug_ranges   0x0000000000000000      0x178
 .debug_ranges  0x0000000000000000       0x20 ../MiniProject_bsp//obj/HAL/src/crt0.o
 .debug_ranges  0x0000000000000020       0x30 ../MiniProject_bsp/\libhal_bsp.a(altera_avalon_jtag_uart_init.o)
 .debug_ranges  0x0000000000000050       0x18 ../MiniProject_bsp/\libhal_bsp.a(altera_avalon_jtag_uart_read.o)
 .debug_ranges  0x0000000000000068       0x28 ../MiniProject_bsp/\libhal_bsp.a(alt_irq_entry.o)
 .debug_ranges  0x0000000000000090       0x10 ../MiniProject_bsp/\libhal_bsp.a(alt_irq_handler.o)
 .debug_ranges  0x00000000000000a0       0x30 ../MiniProject_bsp/\libhal_bsp.a(alt_exception_entry.o)
 .debug_ranges  0x00000000000000d0       0x18 ../MiniProject_bsp/\libhal_bsp.a(alt_instruction_exception_entry.o)
 .debug_ranges  0x00000000000000e8       0x10 c:/intelfpga_lite/18.1/nios2eds/bin/gnu/h-x86_64-mingw32/bin/../lib/gcc/nios2-elf/5.3.0/../../../../../H-x86_64-mingw32/nios2-elf/lib\libc.a(lib_a-atexit.o)
 .debug_ranges  0x00000000000000f8       0x10 c:/intelfpga_lite/18.1/nios2eds/bin/gnu/h-x86_64-mingw32/bin/../lib/gcc/nios2-elf/5.3.0/../../../../../H-x86_64-mingw32/nios2-elf/lib\libc.a(lib_a-exit.o)
 .debug_ranges  0x0000000000000108       0x10 c:/intelfpga_lite/18.1/nios2eds/bin/gnu/h-x86_64-mingw32/bin/../lib/gcc/nios2-elf/5.3.0/../../../../../H-x86_64-mingw32/nios2-elf/lib\libc.a(lib_a-memcmp.o)
 .debug_ranges  0x0000000000000118       0x10 c:/intelfpga_lite/18.1/nios2eds/bin/gnu/h-x86_64-mingw32/bin/../lib/gcc/nios2-elf/5.3.0/../../../../../H-x86_64-mingw32/nios2-elf/lib\libc.a(lib_a-memcpy.o)
 .debug_ranges  0x0000000000000128       0x10 c:/intelfpga_lite/18.1/nios2eds/bin/gnu/h-x86_64-mingw32/bin/../lib/gcc/nios2-elf/5.3.0/../../../../../H-x86_64-mingw32/nios2-elf/lib\libc.a(lib_a-strlen.o)
 .debug_ranges  0x0000000000000138       0x10 c:/intelfpga_lite/18.1/nios2eds/bin/gnu/h-x86_64-mingw32/bin/../lib/gcc/nios2-elf/5.3.0/../../../../../H-x86_64-mingw32/nios2-elf/lib\libc.a(lib_a-__atexit.o)
 .debug_ranges  0x0000000000000148       0x30 c:/intelfpga_lite/18.1/nios2eds/bin/gnu/h-x86_64-mingw32/bin/../lib/gcc/nios2-elf/5.3.0/../../../../../H-x86_64-mingw32/nios2-elf/lib\libc.a(lib_a-__call_atexit.o)
